14:59:37|INFO   |torch._native triton overrides deregistered
14:59:38|INFO   |forward jobs: 5229
/ai-inventor/aii_data/runs/run_Fapgmt6JWbcD/3_invention_loop/iter_1/gen_art/gen_art_dataset_1/.venv/lib/python3.12/site-packages/transformers/utils/hub.py:111: FutureWarning: Using `TRANSFORMERS_CACHE` is deprecated and will be removed in v5 of Transformers. Use `HF_HOME` instead.
  warnings.warn(
15:01:29|INFO   |loaded nllb in 32s
15:01:29|INFO   |nllb: 5079 to translate (5229 requested)
15:02:03|INFO   |nllb en->sl: 512/3679 (15.2 texts/s)
15:02:36|INFO   |nllb en->sl: 1024/3679 (15.6 texts/s)
15:02:42|INFO   |nllb en->sl: 1536/3679 (84.2 texts/s)
15:02:53|INFO   |nllb en->sl: 2048/3679 (49.2 texts/s)
15:03:09|INFO   |nllb en->sl: 2560/3679 (30.7 texts/s)
15:03:22|INFO   |nllb en->sl: 3072/3679 (39.6 texts/s)
15:03:29|INFO   |nllb en->sl: 3584/3679 (70.8 texts/s)
15:03:31|INFO   |nllb en->sl: 3679/3679 (48.8 texts/s)
15:04:12|INFO   |nllb sl->en: 512/1400 (12.5 texts/s)
15:04:23|INFO   |nllb sl->en: 1024/1400 (46.7 texts/s)
15:05:14|INFO   |nllb sl->en: 1400/1400 (7.4 texts/s)
15:06:06|INFO   |loaded madlad in 51s
15:06:06|INFO   |madlad: 5079 to translate (5229 requested)
15:07:24|INFO   |madlad en->sl: 512/3679 (6.6 texts/s)
15:08:39|INFO   |madlad en->sl: 1024/3679 (6.8 texts/s)
15:08:53|INFO   |madlad en->sl: 1536/3679 (38.5 texts/s)
15:09:17|INFO   |madlad en->sl: 2048/3679 (20.8 texts/s)
15:09:57|INFO   |madlad en->sl: 2560/3679 (13.0 texts/s)
15:10:27|INFO   |madlad en->sl: 3072/3679 (17.0 texts/s)
15:10:44|INFO   |madlad en->sl: 3584/3679 (29.1 texts/s)
15:10:49|INFO   |madlad en->sl: 3679/3679 (22.5 texts/s)
15:11:21|WARNING|OOM -> batch 24
15:12:53|INFO   |madlad sl->en: 512/1400 (4.1 texts/s)
15:13:15|INFO   |madlad sl->en: 1024/1400 (23.0 texts/s)
15:13:48|WARNING|OOM -> batch 24
15:15:23|INFO   |madlad sl->en: 1400/1400 (2.9 texts/s)
15:15:23|INFO   |madlad: 5077 to translate (5227 requested)
15:15:55|INFO   |madlad en->sl: 512/1400 (16.0 texts/s)
15:16:27|WARNING|OOM -> batch 24
15:18:00|INFO   |madlad en->sl: 1024/1400 (4.1 texts/s)
15:18:42|WARNING|OOM -> batch 24
15:20:24|INFO   |madlad en->sl: 1400/1400 (2.6 texts/s)
