/ai-inventor/aii_data/runs/run_Fapgmt6JWbcD/3_invention_loop/iter_3/gen_art/gen_art_experiment_11/coverage.py:56: RuntimeWarning: invalid value encountered in divide
  r = raw / np.linalg.norm(raw, axis=1, keepdims=True)
{
 "rung0_pass": true,
 "trial96": {
  "direction_scope": "global",
  "direction_index": 26.06958022133516,
  "sum_mass": 56.590272448091284,
  "sum_A1": 26.01157247479183,
  "sum_A1_x8": 20.902600631665965,
  "sum_A2": 4579787084.089917,
  "attn_cov0.10": 34,
  "mlp_cov0.10": 35,
  "sum_partic": 32.83975325711739,
  "sum_centroid": 29.182402700550295,
  "mean_cos_in_support": 0.39890074729919434
 },
 "community": {
  "sum_mass": 43.07809047277405,
  "sum_A1": 43.07809043714957,
  "sum_A1_x8": 37.41578979703463,
  "sum_A2": 24978144897.205956,
  "attn_cov0.10": 33,
  "mlp_cov0.10": 3,
  "sum_partic": 31.462861378208153,
  "sum_centroid": 31.776690992286593,
  "mean_cos_in_support": 1.0
 },
 "rung1_checks": {
  "trial96_is_global": true,
  "raw_mass_orders_community_above_t96": false,
  "A1_orders_community_above_t96": true,
  "A1x8_orders_community_above_t96": true,
  "community_mlp_cov0.10": 3
 }
}
