00:06:12|INFO   |queue: 4488 generations; already judged 1112; spent $1.113
00:06:13|INFO   |second judge (nvidia/nemotron-3-ultra-550b-a55b:free): 576 to judge
00:06:17|WARNING|j0013720bac attempt 0: {'id': 'gen-1790208376-Lo1wLMnabF14wSFB4m4c', 'error': {'message': 'Upstream error from Nvidia: Service temporarily overloaded', 'code': 503, 'metadata': {'error_type': 'provider_overloaded'}}}
00:06:22|WARNING|j0114573c0b attempt 0: {'id': 'gen-1790208381-rHaBeyGAPt0ovBeOF1oC', 'error': {'message': 'Upstream error from Nvidia: Service temporarily overloaded', 'code': 503, 'metadata': {'error_type': 'provider_overloaded'}}}
00:06:26|WARNING|j0ac3e59117 attempt 0: {'id': 'gen-1790208385-aV16uZraTKeonXHNhhH5', 'error': {'message': 'Upstream error from Nvidia: Service temporarily overloaded', 'code': 503, 'metadata': {'error_type': 'provider_overloaded'}}}
00:06:26|WARNING|j17dc8cd107 attempt 0: {'id': 'gen-1790208385-7EsoDDeDYqjHf8xHke8N', 'error': {'message': 'Upstream error from Nvidia: Service temporarily overloaded', 'code': 503, 'metadata': {'error_type': 'provider_overloaded'}}}
00:06:27|WARNING|j00015f6a3a attempt 0: {'id': 'gen-1790208387-BKqPCBcqPX2hQJraoekr', 'error': {'message': 'Upstream error from Nvidia: Service temporarily overloaded', 'code': 503, 'metadata': {'error_type': 'provider_overloaded'}}}
00:06:28|WARNING|j38121469b7 attempt 0: {'id': 'gen-1790208387-2EBNjjKzZcjq4eXNUowz', 'error': {'message': 'Upstream error from Nvidia: Service temporarily overloaded', 'code': 503, 'metadata': {'error_type': 'provider_overloaded'}}}
00:06:29|WARNING|j4c174bacc4 attempt 0: {'id': 'gen-1790208389-MyHZTTNHrFiZqk9nessG', 'error': {'message': 'Upstream error from Nvidia: Service temporarily overloaded', 'code': 503, 'metadata': {'error_type': 'provider_overloaded'}}}
00:06:30|WARNING|j051c3cb504 attempt 0: {'id': 'gen-1790208389-tFUE5Tb5ECnHZ6tThHaw', 'error': {'message': 'Upstream error from Nvidia: Service temporarily overloaded', 'code': 503, 'metadata': {'error_type': 'provider_overloaded'}}}
00:06:30|WARNING|j009727dcf7 attempt 0: {'id': 'gen-1790208389-niCBK32XS0Y8ANWGer0A', 'error': {'message': 'Upstream error from Nvidia: Service temporarily overloaded', 'code': 503, 'metadata': {'error_type': 'provider_overloaded'}}}
00:06:30|WARNING|j00e4ab6fa1 attempt 0: {'id': 'gen-1790208389-MW8949cx0Ff6DQB25How', 'error': {'message': 'Upstream error from Nvidia: Service temporarily overloaded', 'code': 503, 'metadata': {'error_type': 'provider_overloaded'}}}
00:06:31|WARNING|j68eb423e0e attempt 0: {'id': 'gen-1790208390-x2zBvjUQIviniMQFYxLB', 'error': {'message': 'Upstream error from Nvidia: Service temporarily overloaded', 'code': 503, 'metadata': {'error_type': 'provider_overloaded'}}}
00:06:31|WARNING|j0dd0dd5f6a attempt 0: {'id': 'gen-1790208391-MtUy30qEWpNf2FWNRvg9', 'error': {'message': 'Upstream error from Nvidia: Service temporarily overloaded', 'code': 503, 'metadata': {'error_type': 'provider_overloaded'}}}
00:06:35|WARNING|j012f8a238b attempt 0: {'id': 'gen-1790208394-KTtJ8J19h0OhCWLpumTv', 'error': {'message': 'Upstream error from Nvidia: Service temporarily overloaded', 'code': 503, 'metadata': {'error_type': 'provider_overloaded'}}}
00:06:38|WARNING|j124002c1d6 attempt 0: {'id': 'gen-1790208397-icHaPX8CmTPGGabKLe9Q', 'error': {'message': 'Upstream error from Nvidia: Service temporarily overloaded', 'code': 503, 'metadata': {'error_type': 'provider_overloaded'}}}
00:06:42|WARNING|j0280b05fbf attempt 0: {'id': 'gen-1790208401-wXoi1sxC7Hfl7gGy7bq8', 'error': {'message': 'Upstream error from Nvidia: Service temporarily overloaded', 'code': 503, 'metadata': {'error_type': 'provider_overloaded'}}}
00:06:44|WARNING|j01d4582a8a attempt 0: {'id': 'gen-1790208403-2PvV3vQF67iTy5j8TFuw', 'error': {'message': 'Upstream error from Nvidia: Service temporarily overloaded', 'code': 503, 'metadata': {'error_type': 'provider_overloaded'}}}
00:06:54|WARNING|j0164d954eb attempt 0: {'id': 'gen-1790208413-MILUcP6C8FVOcd3rTpnl', 'error': {'message': 'Upstream error from Nvidia: Service temporarily overloaded', 'code': 503, 'metadata': {'error_type': 'provider_overloaded'}}}
00:06:56|WARNING|j05c73237bb attempt 0: {'id': 'gen-1790208416-6QOgmwYeGtadkgljJhyL', 'error': {'message': 'Upstream error from Nvidia: Service temporarily overloaded', 'code': 503, 'metadata': {'error_type': 'provider_overloaded'}}}
00:07:00|WARNING|j1d4644708e attempt 0: {'id': 'gen-1790208419-3f9tTmy9WCQhDm3TvvGX', 'error': {'message': 'Upstream error from Nvidia: Service temporarily overloaded', 'code': 503, 'metadata': {'error_type': 'provider_overloaded'}}}
00:07:03|WARNING|j035b7481a1 attempt 0: {'id': 'gen-1790208422-AEL81yQiwPPyOD0yQUDb', 'error': {'message': 'Upstream error from Nvidia: Service temporarily overloaded', 'code': 503, 'metadata': {'error_type': 'provider_overloaded'}}}
00:07:09|WARNING|j069ada9d63 attempt 0: {'id': 'gen-1790208429-Z4FJAwb6TNpL7X6mdP6g', 'error': {'message': 'Upstream error from Nvidia: Service temporarily overloaded', 'code': 503, 'metadata': {'error_type': 'provider_overloaded'}}}
00:07:11|WARNING|j2c995904fb attempt 0: {'id': 'gen-1790208430-F9GDQKjaIDuBscALYkoI', 'error': {'message': 'Upstream error from Nvidia: Service temporarily overloaded', 'code': 503, 'metadata': {'error_type': 'provider_overloaded'}}}
00:07:11|WARNING|j28d9391d5f attempt 0: {'id': 'gen-1790208431-Mlenl5w6kql6BK3lcswf', 'error': {'message': 'Upstream error from Nvidia: Service temporarily overloaded', 'code': 503, 'metadata': {'error_type': 'provider_overloaded'}}}
00:07:12|WARNING|j034a6c59ef attempt 0: {'id': 'gen-1790208432-LQTTkMgWUavYH7jyGfmm', 'error': {'message': 'Upstream error from Nvidia: Service temporarily overloaded', 'code': 503, 'metadata': {'error_type': 'provider_overloaded'}}}
00:07:18|WARNING|j3b84999a60 attempt 0: {'id': 'gen-1790208437-kCUfQlMWcPKX38LFN4aP', 'error': {'message': 'Upstream error from Nvidia: Service temporarily overloaded', 'code': 503, 'metadata': {'error_type': 'provider_overloaded'}}}
00:07:24|WARNING|j036b0712be attempt 0: {'id': 'gen-1790208444-52xNtTqCJbj0JQh2hFdH', 'error': {'message': 'Upstream error from Nvidia: Service temporarily overloaded', 'code': 503, 'metadata': {'error_type': 'provider_overloaded'}}}
00:07:25|WARNING|j2b20f63d38 attempt 0: {'id': 'gen-1790208444-AT8OgvTjgoSvaetG7pQd', 'error': {'message': 'Upstream error from Nvidia: Service temporarily overloaded', 'code': 503, 'metadata': {'error_type': 'provider_overloaded'}}}
00:07:38|WARNING|j07678832b3 attempt 0: {'id': 'gen-1790208457-X9viuwmDMRYVvxZgv4YK', 'error': {'message': 'Upstream error from Nvidia: Service temporarily overloaded', 'code': 503, 'metadata': {'error_type': 'provider_overloaded'}}}
00:07:39|WARNING|j2099a3c509 attempt 0: {'id': 'gen-1790208459-xDYwyyZZqIsIY1G6K9Cv', 'error': {'message': 'Upstream error from Nvidia: Service temporarily overloaded', 'code': 503, 'metadata': {'error_type': 'provider_overloaded'}}}
00:07:51|WARNING|j10c2a43369 attempt 0: {'id': 'gen-1790208471-eteMIwYKPhffUZc2dgfC', 'error': {'message': 'Upstream error from Nvidia: Service temporarily overloaded', 'code': 503, 'metadata': {'error_type': 'provider_overloaded'}}}
00:07:51|WARNING|j0ae4badf9d attempt 0: {'id': 'gen-1790208471-mNj3kOSDGE62F7opwBzl', 'error': {'message': 'Upstream error from Nvidia: Service temporarily overloaded', 'code': 503, 'metadata': {'error_type': 'provider_overloaded'}}}
00:07:54|WARNING|j0896e99a84 attempt 0: {'id': 'gen-1790208473-mbS2lKZLXSoiS6AqIa0U', 'error': {'message': 'Upstream error from Nvidia: Service temporarily overloaded', 'code': 503, 'metadata': {'error_type': 'provider_overloaded'}}}
00:07:57|WARNING|j07ec369a8b attempt 0: {'id': 'gen-1790208476-6uMhtom6WZvb9AAK1JTX', 'error': {'message': 'Upstream error from Nvidia: Service temporarily overloaded', 'code': 503, 'metadata': {'error_type': 'provider_overloaded'}}}
00:07:58|WARNING|j12fab519d9 attempt 0: {'id': 'gen-1790208477-Ow6wb0TVAHA9Q0XqQ803', 'error': {'message': 'Upstream error from Nvidia: Service temporarily overloaded', 'code': 503, 'metadata': {'error_type': 'provider_overloaded'}}}
00:07:58|WARNING|j07d5e43c60 attempt 0: {'id': 'gen-1790208477-78nYa0bK8zY0nVUjO0cB', 'error': {'message': 'Upstream error from Nvidia: Service temporarily overloaded', 'code': 503, 'metadata': {'error_type': 'provider_overloaded'}}}
00:08:04|WARNING|j0824905c99 attempt 0: {'id': 'gen-1790208483-vDbdl8CZnKwjPW7ojyfH', 'error': {'message': 'Upstream error from Nvidia: Service temporarily overloaded', 'code': 503, 'metadata': {'error_type': 'provider_overloaded'}}}
00:08:05|WARNING|j1473fff31f attempt 0: {'id': 'gen-1790208484-6WydVMMw8eQINLg0PWRv', 'error': {'message': 'Upstream error from Nvidia: Service temporarily overloaded', 'code': 503, 'metadata': {'error_type': 'provider_overloaded'}}}
00:08:05|WARNING|j0a5adeec59 attempt 0: {'id': 'gen-1790208485-6zK12gKSl7n5G4Qm2pS7', 'error': {'message': 'Upstream error from Nvidia: Service temporarily overloaded', 'code': 503, 'metadata': {'error_type': 'provider_overloaded'}}}
00:08:05|WARNING|j0b48ec19d6 attempt 0: {'id': 'gen-1790208485-dfVfZZJBYLZyQUrNdpqe', 'error': {'message': 'Upstream error from Nvidia: Service temporarily overloaded', 'code': 503, 'metadata': {'error_type': 'provider_overloaded'}}}
00:08:07|WARNING|j0c79e5d05d attempt 0: {'id': 'gen-1790208486-8nsBHqz7Nvl8gNygJAWi', 'error': {'message': 'Upstream error from Nvidia: Service temporarily overloaded', 'code': 503, 'metadata': {'error_type': 'provider_overloaded'}}}
00:08:12|WARNING|j0b13c4596f attempt 0: {'id': 'gen-1790208491-QFhv9Z0a7LGbeDOmQT3K', 'error': {'message': 'Upstream error from Nvidia: Service temporarily overloaded', 'code': 503, 'metadata': {'error_type': 'provider_overloaded'}}}
00:08:12|WARNING|j0b9fc125bf attempt 0: {'id': 'gen-1790208491-zLtZYJu4q71i7vIhMd3E', 'error': {'message': 'Upstream error from Nvidia: Service temporarily overloaded', 'code': 503, 'metadata': {'error_type': 'provider_overloaded'}}}
00:08:13|WARNING|j153b94fe90 attempt 0: {'id': 'gen-1790208493-DWB5vnGeeDMnmg8DS9t7', 'error': {'message': 'Upstream error from Nvidia: Service temporarily overloaded', 'code': 503, 'metadata': {'error_type': 'provider_overloaded'}}}
00:08:15|WARNING|j079aa35c15 attempt 0: {'id': 'gen-1790208494-jq4m2S2M3OBJhaFDeJFo', 'error': {'message': 'Upstream error from Nvidia: Service temporarily overloaded', 'code': 503, 'metadata': {'error_type': 'provider_overloaded'}}}
00:08:20|WARNING|j0e749152e8 attempt 0: {'id': 'gen-1790208499-GAMVu6zV1ltYfXnUMthL', 'error': {'message': 'Upstream error from Nvidia: Service temporarily overloaded', 'code': 503, 'metadata': {'error_type': 'provider_overloaded'}}}
00:08:20|WARNING|j0bff790faa attempt 0: {'id': 'gen-1790208499-FEpp1zLQXwAaJ5Siop2l', 'error': {'message': 'Upstream error from Nvidia: Service temporarily overloaded', 'code': 503, 'metadata': {'error_type': 'provider_overloaded'}}}
00:08:20|WARNING|j0d5a47d101 attempt 0: {'id': 'gen-1790208499-BL3h7bkTB4uPG7R5wM3x', 'error': {'message': 'Upstream error from Nvidia: Service temporarily overloaded', 'code': 503, 'metadata': {'error_type': 'provider_overloaded'}}}
00:08:21|WARNING|j082a019ad2 attempt 0: {'id': 'gen-1790208500-M5X3LWBfBBdYluQpXQas', 'error': {'message': 'Upstream error from Nvidia: Service temporarily overloaded', 'code': 503, 'metadata': {'error_type': 'provider_overloaded'}}}
00:08:31|WARNING|j0dcb9ea48a attempt 0: {'id': 'gen-1790208511-kSsigWt9mQeD7tKzw64V', 'error': {'message': 'Upstream error from Nvidia: Service temporarily overloaded', 'code': 503, 'metadata': {'error_type': 'provider_overloaded'}}}
00:08:32|WARNING|j0deb5fc624 attempt 0: {'id': 'gen-1790208511-3jDTq2UnJocXEbji6VXr', 'error': {'message': 'Upstream error from Nvidia: Service temporarily overloaded', 'code': 503, 'metadata': {'error_type': 'provider_overloaded'}}}
00:08:35|WARNING|j4ad73ce325 attempt 0: {'id': 'gen-1790208515-whH9qnPBS9FDeZn2e8BS', 'error': {'message': 'Upstream error from Nvidia: Service temporarily overloaded', 'code': 503, 'metadata': {'error_type': 'provider_overloaded'}}}
00:08:36|WARNING|j105f80d371 attempt 0: {'id': 'gen-1790208515-COGgDZewYQVEzNQhYLpR', 'error': {'message': 'Upstream error from Nvidia: Service temporarily overloaded', 'code': 503, 'metadata': {'error_type': 'provider_overloaded'}}}
00:08:39|WARNING|j4b1dcfa64d attempt 0: {'id': 'gen-1790208518-T7pNNO571Cem7HJrbPZx', 'error': {'message': 'Upstream error from Nvidia: Service temporarily overloaded', 'code': 503, 'metadata': {'error_type': 'provider_overloaded'}}}
00:08:41|WARNING|j1023d59c62 attempt 0: {'id': 'gen-1790208520-yrbqGWscAdfaBfOgeNfn', 'error': {'message': 'Upstream error from Nvidia: Service temporarily overloaded', 'code': 503, 'metadata': {'error_type': 'provider_overloaded'}}}
00:08:49|WARNING|j50710c2a40 attempt 0: {'id': 'gen-1790208528-YSOvRybmDunyxNiDut7J', 'error': {'message': 'Upstream error from Nvidia: Service temporarily overloaded', 'code': 503, 'metadata': {'error_type': 'provider_overloaded'}}}
00:08:50|WARNING|j12e798bd00 attempt 0: {'id': 'gen-1790208529-VgjlLPcL1nSedPnjJDzI', 'error': {'message': 'Upstream error from Nvidia: Service temporarily overloaded', 'code': 503, 'metadata': {'error_type': 'provider_overloaded'}}}
00:08:55|WARNING|j0f3e729252 attempt 0: {'id': 'gen-1790208534-7VQFAd4gkVow3122aYyU', 'error': {'message': 'Upstream error from Nvidia: Service temporarily overloaded', 'code': 503, 'metadata': {'error_type': 'provider_overloaded'}}}
00:08:56|WARNING|j0ea4ddd76a attempt 0: {'id': 'gen-1790208535-fF8PPkomuedrzvzNQtKI', 'error': {'message': 'Upstream error from Nvidia: Service temporarily overloaded', 'code': 503, 'metadata': {'error_type': 'provider_overloaded'}}}
00:08:56|WARNING|j0c6b790473 attempt 0: {'id': 'gen-1790208535-XdYf9oTnZFmsLUToNTR5', 'error': {'message': 'Upstream error from Nvidia: Service temporarily overloaded', 'code': 503, 'metadata': {'error_type': 'provider_overloaded'}}}
00:08:58|WARNING|j139371debb attempt 0: {'id': 'gen-1790208537-ZBd4NpVK25aQzImFki1g', 'error': {'message': 'Upstream error from Nvidia: Service temporarily overloaded', 'code': 503, 'metadata': {'error_type': 'provider_overloaded'}}}
00:09:07|WARNING|j105e2636df attempt 0: {'id': 'gen-1790208547-z2IG86eTaKdKzN9rZVxi', 'error': {'message': 'Upstream error from Nvidia: Service temporarily overloaded', 'code': 503, 'metadata': {'error_type': 'provider_overloaded'}}}
00:09:08|WARNING|j53bf758328 attempt 0: {'id': 'gen-1790208548-RmtA7nzufvBPzXqbwMZX', 'error': {'message': 'Upstream error from Nvidia: Service temporarily overloaded', 'code': 503, 'metadata': {'error_type': 'provider_overloaded'}}}
00:09:09|WARNING|j1d43317149 attempt 0: {'id': 'gen-1790208548-1wfeNBzirVBy9HdVigqF', 'error': {'message': 'Upstream error from Nvidia: Service temporarily overloaded', 'code': 503, 'metadata': {'error_type': 'provider_overloaded'}}}
00:09:13|WARNING|j1035908a8d attempt 0: {'id': 'gen-1790208552-ZrKEMttNq4eLwSsMJjRV', 'error': {'message': 'Upstream error from Nvidia: Service temporarily overloaded', 'code': 503, 'metadata': {'error_type': 'provider_overloaded'}}}
00:09:15|WARNING|j026b8dd6c7 attempt 0: {'id': 'gen-1790208554-fA6I2uU0JHhY3ddpenfA', 'error': {'message': 'Upstream error from Nvidia: Service temporarily overloaded', 'code': 503, 'metadata': {'error_type': 'provider_overloaded'}}}
00:09:19|WARNING|j05477ba09f attempt 0: {'id': 'gen-1790208558-Q9dQ9lrVlg8c9KrTns13', 'error': {'message': 'Upstream error from Nvidia: Service temporarily overloaded', 'code': 503, 'metadata': {'error_type': 'provider_overloaded'}}}
00:09:21|WARNING|j075470d29e attempt 0: {'id': 'gen-1790208560-TL8zJXx5ntyG689ywGyf', 'error': {'message': 'Upstream error from Nvidia: Service temporarily overloaded', 'code': 503, 'metadata': {'error_type': 'provider_overloaded'}}}
00:09:23|WARNING|j0a97d2f684 attempt 0: {'id': 'gen-1790208562-p1nHrRGz6x3M6qZd3Rx4', 'error': {'message': 'Upstream error from Nvidia: Service temporarily overloaded', 'code': 503, 'metadata': {'error_type': 'provider_overloaded'}}}
00:09:24|WARNING|j0c0408e2ee attempt 0: {'id': 'gen-1790208564-T55wK42860l0cLMdaQnQ', 'error': {'message': 'Upstream error from Nvidia: Service temporarily overloaded', 'code': 503, 'metadata': {'error_type': 'provider_overloaded'}}}
00:09:28|WARNING|j118b4f4615 attempt 0: {'id': 'gen-1790208568-zJg2faVc56aV4DCMvhn5', 'error': {'message': 'Upstream error from Nvidia: Service temporarily overloaded', 'code': 503, 'metadata': {'error_type': 'provider_overloaded'}}}
00:09:28|WARNING|j12cdcd3ba9 attempt 0: {'id': 'gen-1790208568-LJcgYoaKuB6rUqfYY8C7', 'error': {'message': 'Upstream error from Nvidia: Service temporarily overloaded', 'code': 503, 'metadata': {'error_type': 'provider_overloaded'}}}
00:09:29|WARNING|j133768faa9 attempt 0: {'id': 'gen-1790208568-JG3g5gBx37VlxnJyp3a8', 'error': {'message': 'Upstream error from Nvidia: Service temporarily overloaded', 'code': 503, 'metadata': {'error_type': 'provider_overloaded'}}}
00:09:31|WARNING|j155b7770f0 attempt 0: {'id': 'gen-1790208570-KHl5glitJuoaxjI7QXxb', 'error': {'message': 'Upstream error from Nvidia: Service temporarily overloaded', 'code': 503, 'metadata': {'error_type': 'provider_overloaded'}}}
00:09:32|WARNING|j173383fd50 attempt 0: {'id': 'gen-1790208571-jDhibn7HX6jj75yioUl3', 'error': {'message': 'Upstream error from Nvidia: Service temporarily overloaded', 'code': 503, 'metadata': {'error_type': 'provider_overloaded'}}}
00:10:12|WARNING|j3f1dc8b35f attempt 0: {'id': 'gen-1790208611-OXuPpFcj4OX9nbOkPHlF', 'error': {'message': 'Upstream error from Nvidia: Service temporarily overloaded', 'code': 503, 'metadata': {'error_type': 'provider_overloaded'}}}
00:10:16|WARNING|j413397b3e3 attempt 0: {'id': 'gen-1790208616-9aFOYHPqPZRXwrcm4T43', 'error': {'message': 'Upstream error from Nvidia: Service temporarily overloaded', 'code': 503, 'metadata': {'error_type': 'provider_overloaded'}}}
00:10:27|WARNING|j49e2b975e5 attempt 0: {'id': 'gen-1790208627-TdcATFZaTZe6kwpegIQ3', 'error': {'message': 'Upstream error from Nvidia: Service temporarily overloaded', 'code': 503, 'metadata': {'error_type': 'provider_overloaded'}}}
00:10:30|WARNING|j4d3e352fab attempt 0: {'id': 'gen-1790208629-r4VuPakoorLgas8r3aaM', 'error': {'message': 'Upstream error from Nvidia: Service temporarily overloaded', 'code': 503, 'metadata': {'error_type': 'provider_overloaded'}}}
00:10:30|WARNING|j4ce64c86e5 attempt 0: {'id': 'gen-1790208629-54TObFZnMBh8khNqOtqc', 'error': {'message': 'Upstream error from Nvidia: Service temporarily overloaded', 'code': 503, 'metadata': {'error_type': 'provider_overloaded'}}}
00:10:35|WARNING|j4e3918ca43 attempt 0: {'id': 'gen-1790208635-hwlJ4ywsYD11VoddVEqE', 'error': {'message': 'Upstream error from Nvidia: Service temporarily overloaded', 'code': 503, 'metadata': {'error_type': 'provider_overloaded'}}}
00:10:36|WARNING|j501ef084f9 attempt 0: {'id': 'gen-1790208636-XeSz4UsT58p4ReKHlOde', 'error': {'message': 'Upstream error from Nvidia: Service temporarily overloaded', 'code': 503, 'metadata': {'error_type': 'provider_overloaded'}}}
00:10:37|WARNING|j5066ac4645 attempt 0: {'id': 'gen-1790208636-ld2cNc5d5xim1dUH6zPf', 'error': {'message': 'Upstream error from Nvidia: Service temporarily overloaded', 'code': 503, 'metadata': {'error_type': 'provider_overloaded'}}}
00:10:40|WARNING|j550a84d572 attempt 0: {'id': 'gen-1790208639-pKfiov7Vkj7Lbvfuyr7S', 'error': {'message': 'Upstream error from Nvidia: Service temporarily overloaded', 'code': 503, 'metadata': {'error_type': 'provider_overloaded'}}}
00:10:42|WARNING|j566600704c attempt 0: {'id': 'gen-1790208642-erMKlRt4Xt7ggM5z88Kl', 'error': {'message': 'Upstream error from Nvidia: Service temporarily overloaded', 'code': 503, 'metadata': {'error_type': 'provider_overloaded'}}}
00:10:51|WARNING|j5dbd081bdd attempt 0: {'id': 'gen-1790208650-fyA8HDZBarhkIp9iUZ3Q', 'error': {'message': 'Upstream error from Nvidia: Service temporarily overloaded', 'code': 503, 'metadata': {'error_type': 'provider_overloaded'}}}
00:10:56|WARNING|j5fd38c4593 attempt 0: {'id': 'gen-1790208656-FCRFdiMBYhDoXKOcvSXi', 'error': {'message': 'Upstream error from Nvidia: Service temporarily overloaded', 'code': 503, 'metadata': {'error_type': 'provider_overloaded'}}}
00:10:58|WARNING|j61b70fc205 attempt 0: {'id': 'gen-1790208657-eCZEIINU4gU8fu79vC7k', 'error': {'message': 'Upstream error from Nvidia: Service temporarily overloaded', 'code': 503, 'metadata': {'error_type': 'provider_overloaded'}}}
00:10:59|WARNING|j62bd4df0e9 attempt 0: {'id': 'gen-1790208658-nU1Ola1cX62pVw83gOGg', 'error': {'message': 'Upstream error from Nvidia: Service temporarily overloaded', 'code': 503, 'metadata': {'error_type': 'provider_overloaded'}}}
00:11:00|WARNING|j6388a6aa86 attempt 0: {'id': 'gen-1790208659-9nRXXymPuzKrf6gku31T', 'error': {'message': 'Upstream error from Nvidia: Service temporarily overloaded', 'code': 503, 'metadata': {'error_type': 'provider_overloaded'}}}
00:11:06|WARNING|j6551818b65 attempt 0: {'id': 'gen-1790208666-VLFWF6ZrxADDMs9yliKk', 'error': {'message': 'Upstream error from Nvidia: Service temporarily overloaded', 'code': 503, 'metadata': {'error_type': 'provider_overloaded'}}}
00:11:15|WARNING|j6f3226bede attempt 0: {'id': 'gen-1790208674-nYjV1sdgSbEOrEbd7Akk', 'error': {'message': 'Upstream error from Nvidia: Service temporarily overloaded', 'code': 503, 'metadata': {'error_type': 'provider_overloaded'}}}
00:11:15|WARNING|j6f6748ff1a attempt 0: {'id': 'gen-1790208674-3N6u0B5NoZDvu8c4aA9b', 'error': {'message': 'Upstream error from Nvidia: Service temporarily overloaded', 'code': 503, 'metadata': {'error_type': 'provider_overloaded'}}}
00:11:24|WARNING|j7501766879 attempt 0: {'id': 'gen-1790208683-j6iqrOXnAKQHRBLntVNn', 'error': {'message': 'Upstream error from Nvidia: Service temporarily overloaded', 'code': 503, 'metadata': {'error_type': 'provider_overloaded'}}}
00:11:27|WARNING|j77b80c7502 attempt 0: {'id': 'gen-1790208687-SSvMvdNjHnGmGTkms5d6', 'error': {'message': 'Upstream error from Nvidia: Service temporarily overloaded', 'code': 503, 'metadata': {'error_type': 'provider_overloaded'}}}
00:11:36|WARNING|j7c2f7fa069 attempt 0: {'id': 'gen-1790208696-qjoHW1CxZPeiaKti1jKO', 'error': {'message': 'Upstream error from Nvidia: Service temporarily overloaded', 'code': 503, 'metadata': {'error_type': 'provider_overloaded'}}}
00:11:38|WARNING|j7e52a3c870 attempt 0: {'id': 'gen-1790208697-Bsj7ZX2EGljHgTLoPqvW', 'error': {'message': 'Upstream error from Nvidia: Service temporarily overloaded', 'code': 503, 'metadata': {'error_type': 'provider_overloaded'}}}
00:11:40|WARNING|j7e9d6d9a54 attempt 0: {'id': 'gen-1790208699-qZfyf6ZjBuTJZH49x8ej', 'error': {'message': 'Upstream error from Nvidia: Service temporarily overloaded', 'code': 503, 'metadata': {'error_type': 'provider_overloaded'}}}
00:11:42|WARNING|j81edca2cf5 attempt 0: {'id': 'gen-1790208701-TojkeD8afItaqmQATlK2', 'error': {'message': 'Upstream error from Nvidia: Service temporarily overloaded', 'code': 503, 'metadata': {'error_type': 'provider_overloaded'}}}
00:11:47|WARNING|j84fb8aa5a0 attempt 0: {'id': 'gen-1790208706-kUwuFxYASDABfN9Qv31b', 'error': {'message': 'Upstream error from Nvidia: Service temporarily overloaded', 'code': 503, 'metadata': {'error_type': 'provider_overloaded'}}}
00:11:47|WARNING|j855e0fc4a6 attempt 0: {'id': 'gen-1790208706-6ZHtaK8RWFceor8nN0Bu', 'error': {'message': 'Upstream error from Nvidia: Service temporarily overloaded', 'code': 503, 'metadata': {'error_type': 'provider_overloaded'}}}
00:11:48|WARNING|j85c71a7649 attempt 0: {'id': 'gen-1790208707-3m6dcfzYpvbvkKRaMswJ', 'error': {'message': 'Upstream error from Nvidia: Service temporarily overloaded', 'code': 503, 'metadata': {'error_type': 'provider_overloaded'}}}
00:11:48|WARNING|j8678a04a1d attempt 0: {'id': 'gen-1790208707-whVfjFoq9Cm1vxHKQaIW', 'error': {'message': 'Upstream error from Nvidia: Service temporarily overloaded', 'code': 503, 'metadata': {'error_type': 'provider_overloaded'}}}
00:11:55|WARNING|j8b5f784748 attempt 0: {'id': 'gen-1790208715-vDWxu9ttLxm4surCWDpD', 'error': {'message': 'Upstream error from Nvidia: Service temporarily overloaded', 'code': 503, 'metadata': {'error_type': 'provider_overloaded'}}}
00:11:56|WARNING|j8c3a169bc2 attempt 0: {'id': 'gen-1790208715-47g0KBwELBfJ1IUM2lXk', 'error': {'message': 'Upstream error from Nvidia: Service temporarily overloaded', 'code': 503, 'metadata': {'error_type': 'provider_overloaded'}}}
00:12:00|WARNING|j8ed828485a attempt 0: {'id': 'gen-1790208719-CjzP6HXcnHKyqiuCqzeC', 'error': {'message': 'Upstream error from Nvidia: Service temporarily overloaded', 'code': 503, 'metadata': {'error_type': 'provider_overloaded'}}}
00:12:01|WARNING|j8ee38acdf1 attempt 0: {'id': 'gen-1790208720-MtV7P7OqWNd2R8cVBPjA', 'error': {'message': 'Upstream error from Nvidia: Service temporarily overloaded', 'code': 503, 'metadata': {'error_type': 'provider_overloaded'}}}
00:12:01|WARNING|j8f1e53aea7 attempt 0: {'id': 'gen-1790208721-WAhzRdyPR95YQE5YKent', 'error': {'message': 'Upstream error from Nvidia: Service temporarily overloaded', 'code': 503, 'metadata': {'error_type': 'provider_overloaded'}}}
00:12:09|WARNING|j91d9d816fe attempt 0: {'id': 'gen-1790208728-O5jI6yQgU6xc00wharQQ', 'error': {'message': 'Upstream error from Nvidia: Service temporarily overloaded', 'code': 503, 'metadata': {'error_type': 'provider_overloaded'}}}
00:12:10|WARNING|j93ac8771c1 attempt 0: {'id': 'gen-1790208729-ukyAzcT6zskkCJgtQByK', 'error': {'message': 'Upstream error from Nvidia: Service temporarily overloaded', 'code': 503, 'metadata': {'error_type': 'provider_overloaded'}}}
00:12:10|WARNING|j94257fb3e7 attempt 0: {'id': 'gen-1790208730-TDGOIodsWf65XQMO4kpO', 'error': {'message': 'Upstream error from Nvidia: Service temporarily overloaded', 'code': 503, 'metadata': {'error_type': 'provider_overloaded'}}}
00:12:19|WARNING|j974f8071a2 attempt 0: {'id': 'gen-1790208738-TF49tJLOoix9hyHHc4jI', 'error': {'message': 'Upstream error from Nvidia: Service temporarily overloaded', 'code': 503, 'metadata': {'error_type': 'provider_overloaded'}}}
00:12:40|WARNING|j9b722c0256 attempt 0: {'id': 'gen-1790208759-dtbiCD9KbJ6PExR0CDkA', 'error': {'message': 'Upstream error from Nvidia: Service temporarily overloaded', 'code': 503, 'metadata': {'error_type': 'provider_overloaded'}}}
00:12:45|WARNING|ja270dbb70b attempt 0: {'id': 'gen-1790208764-5dJ1ZSHT7umNVuHzsLVf', 'error': {'message': 'Upstream error from Nvidia: Service temporarily overloaded', 'code': 503, 'metadata': {'error_type': 'provider_overloaded'}}}
00:12:46|WARNING|ja3a6f9d4f1 attempt 0: {'id': 'gen-1790208765-eAAmWfj8O41lyeEPiKga', 'error': {'message': 'Upstream error from Nvidia: Service temporarily overloaded', 'code': 503, 'metadata': {'error_type': 'provider_overloaded'}}}
00:12:49|WARNING|ja72aa25ac4 attempt 0: {'id': 'gen-1790208768-6NSbHB36BJ1w17UR5UnC', 'error': {'message': 'Upstream error from Nvidia: Service temporarily overloaded', 'code': 503, 'metadata': {'error_type': 'provider_overloaded'}}}
00:12:50|WARNING|ja7d0b56fdc attempt 0: {'id': 'gen-1790208770-whKqpnmHwfHKduhlI8BG', 'error': {'message': 'Upstream error from Nvidia: Service temporarily overloaded', 'code': 503, 'metadata': {'error_type': 'provider_overloaded'}}}
00:12:54|WARNING|jaa4dd4ff07 attempt 0: {'id': 'gen-1790208774-I7A9qI5jzMQv7h5uMmUE', 'error': {'message': 'Upstream error from Nvidia: Service temporarily overloaded', 'code': 503, 'metadata': {'error_type': 'provider_overloaded'}}}
00:13:02|WARNING|jb11a26d923 attempt 0: {'id': 'gen-1790208781-QHKSTGLydV8XdTmql03j', 'error': {'message': 'Upstream error from Nvidia: Service temporarily overloaded', 'code': 503, 'metadata': {'error_type': 'provider_overloaded'}}}
00:13:06|WARNING|jb78e14d63d attempt 0: {'id': 'gen-1790208785-m4aelmBHTcSsKfRmEipo', 'error': {'message': 'Upstream error from Nvidia: Service temporarily overloaded', 'code': 503, 'metadata': {'error_type': 'provider_overloaded'}}}
00:13:08|WARNING|jb9166d0554 attempt 0: {'id': 'gen-1790208787-rfAi7vl8g8C0hlElgi96', 'error': {'message': 'Upstream error from Nvidia: Service temporarily overloaded', 'code': 503, 'metadata': {'error_type': 'provider_overloaded'}}}
00:13:14|WARNING|jba3c42f28e attempt 0: {'id': 'gen-1790208793-0nW4ORjjtH57eiV2m9lf', 'error': {'message': 'Upstream error from Nvidia: Service temporarily overloaded', 'code': 503, 'metadata': {'error_type': 'provider_overloaded'}}}
00:13:21|WARNING|jbd83410a8d attempt 0: {'id': 'gen-1790208801-UDdJPcMkaAgxygjLekKF', 'error': {'message': 'Upstream error from Nvidia: Service temporarily overloaded', 'code': 503, 'metadata': {'error_type': 'provider_overloaded'}}}
00:13:24|WARNING|jc0044ffdb5 attempt 0: {'id': 'gen-1790208803-XkmuipLU4YB4jg7TLqS5', 'error': {'message': 'Upstream error from Nvidia: Service temporarily overloaded', 'code': 503, 'metadata': {'error_type': 'provider_overloaded'}}}
00:13:25|WARNING|jc03b06d841 attempt 0: {'id': 'gen-1790208804-KcPJgIuwpNWQMxNoIQUc', 'error': {'message': 'Upstream error from Nvidia: Service temporarily overloaded', 'code': 503, 'metadata': {'error_type': 'provider_overloaded'}}}
00:13:29|WARNING|jc34b067d96 attempt 0: {'id': 'gen-1790208809-IaX65TYew3Hs31lmrtll', 'error': {'message': 'Upstream error from Nvidia: Service temporarily overloaded', 'code': 503, 'metadata': {'error_type': 'provider_overloaded'}}}
00:13:29|WARNING|jc3893523f3 attempt 0: {'id': 'gen-1790208809-Vtt5uwcBnTAkrh5og9mA', 'error': {'message': 'Upstream error from Nvidia: Service temporarily overloaded', 'code': 503, 'metadata': {'error_type': 'provider_overloaded'}}}
00:13:30|WARNING|jc4d010e82e attempt 0: {'id': 'gen-1790208810-Nx46puA1kl8zEv7nGD67', 'error': {'message': 'Upstream error from Nvidia: Service temporarily overloaded', 'code': 503, 'metadata': {'error_type': 'provider_overloaded'}}}
00:13:32|WARNING|jc5ca9b69f8 attempt 0: {'id': 'gen-1790208811-U7MHtjU02QqiTLpg2fdP', 'error': {'message': 'Upstream error from Nvidia: Service temporarily overloaded', 'code': 503, 'metadata': {'error_type': 'provider_overloaded'}}}
00:13:37|WARNING|jc7d7ff788a attempt 0: {'id': 'gen-1790208816-YH0xEyiWhtlrcVD1GWwp', 'error': {'message': 'Upstream error from Nvidia: Service temporarily overloaded', 'code': 503, 'metadata': {'error_type': 'provider_overloaded'}}}
00:13:43|WARNING|jc8e9a63411 attempt 0: {'id': 'gen-1790208822-ZpVMPNgCTnYiBmELFEhU', 'error': {'message': 'Upstream error from Nvidia: Service temporarily overloaded', 'code': 503, 'metadata': {'error_type': 'provider_overloaded'}}}
00:13:45|WARNING|jc96d2df7ba attempt 0: {'id': 'gen-1790208824-V10X24J6hQbyeRTn14Zj', 'error': {'message': 'Upstream error from Nvidia: Service temporarily overloaded', 'code': 503, 'metadata': {'error_type': 'provider_overloaded'}}}
00:13:47|WARNING|jcc1d446756 attempt 0: {'id': 'gen-1790208826-JAnbuPiD5AuSchR6LGcn', 'error': {'message': 'Upstream error from Nvidia: Service temporarily overloaded', 'code': 503, 'metadata': {'error_type': 'provider_overloaded'}}}
00:13:48|WARNING|jcc2d13714a attempt 0: {'id': 'gen-1790208827-nlkGBQ6dNvyc5IG6mWfT', 'error': {'message': 'Upstream error from Nvidia: Service temporarily overloaded', 'code': 503, 'metadata': {'error_type': 'provider_overloaded'}}}
00:13:48|WARNING|jcc65ba0cf1 attempt 0: {'id': 'gen-1790208827-IRt01soL1F7pkThLkSDB', 'error': {'message': 'Upstream error from Nvidia: Service temporarily overloaded', 'code': 503, 'metadata': {'error_type': 'provider_overloaded'}}}
00:13:50|WARNING|jcd3acfdfc2 attempt 0: {'id': 'gen-1790208830-r8XLgTOd5DlRUAoIAe6h', 'error': {'message': 'Upstream error from Nvidia: Service temporarily overloaded', 'code': 503, 'metadata': {'error_type': 'provider_overloaded'}}}
00:13:51|WARNING|jcd9ba2e9d6 attempt 0: {'id': 'gen-1790208831-2nRxh5OUlYF4OAP44h8w', 'error': {'message': 'Upstream error from Nvidia: Service temporarily overloaded', 'code': 503, 'metadata': {'error_type': 'provider_overloaded'}}}
00:13:54|WARNING|jce93e849fc attempt 0: {'id': 'gen-1790208833-U6OyrcBcjs6iYjdqkaTq', 'error': {'message': 'Upstream error from Nvidia: Service temporarily overloaded', 'code': 503, 'metadata': {'error_type': 'provider_overloaded'}}}
00:13:57|WARNING|jcf1265a5a2 attempt 0: {'id': 'gen-1790208837-lsE4DIz3AiLnfnokmQvQ', 'error': {'message': 'Upstream error from Nvidia: Service temporarily overloaded', 'code': 503, 'metadata': {'error_type': 'provider_overloaded'}}}
00:14:03|WARNING|jd291f94735 attempt 0: {'id': 'gen-1790208843-hLDB8pCD8WpSHusSqB5L', 'error': {'message': 'Upstream error from Nvidia: Service temporarily overloaded', 'code': 503, 'metadata': {'error_type': 'provider_overloaded'}}}
00:14:04|WARNING|jd3f0133dfc attempt 0: {'id': 'gen-1790208844-94eELaGUebYIzVE5mvwE', 'error': {'message': 'Upstream error from Nvidia: Service temporarily overloaded', 'code': 503, 'metadata': {'error_type': 'provider_overloaded'}}}
00:14:06|WARNING|jd6b4919c61 attempt 0: {'id': 'gen-1790208845-byEQV6ZgJsj8nefivywq', 'error': {'message': 'Upstream error from Nvidia: Service temporarily overloaded', 'code': 503, 'metadata': {'error_type': 'provider_overloaded'}}}
00:14:07|WARNING|jd8d0e82fc5 attempt 0: {'id': 'gen-1790208847-B0IMZ9OsvzFAoXmYMy5m', 'error': {'message': 'Upstream error from Nvidia: Service temporarily overloaded', 'code': 503, 'metadata': {'error_type': 'provider_overloaded'}}}
00:14:10|WARNING|jdc0958eb15 attempt 0: {'id': 'gen-1790208850-O8XysL5xNmMqdGijMTro', 'error': {'message': 'Upstream error from Nvidia: Service temporarily overloaded', 'code': 503, 'metadata': {'error_type': 'provider_overloaded'}}}
00:14:16|WARNING|jddb54f5fc9 attempt 0: {'id': 'gen-1790208855-qg8htT0uIQVyi1ufXlg7', 'error': {'message': 'Upstream error from Nvidia: Service temporarily overloaded', 'code': 503, 'metadata': {'error_type': 'provider_overloaded'}}}
00:14:21|WARNING|je0bfa03de3 attempt 0: {'id': 'gen-1790208861-B8PvhpmXH18ntSYXkvUp', 'error': {'message': 'Upstream error from Nvidia: Service temporarily overloaded', 'code': 503, 'metadata': {'error_type': 'provider_overloaded'}}}
00:14:28|WARNING|je133596188 attempt 0: {'id': 'gen-1790208868-VamMbtq2EIsVWh5nSwfv', 'error': {'message': 'Upstream error from Nvidia: Service temporarily overloaded', 'code': 503, 'metadata': {'error_type': 'provider_overloaded'}}}
00:14:31|WARNING|je2c59f5f77 attempt 0: {'id': 'gen-1790208870-A6YEKhaLxRc9TeKRIBTt', 'error': {'message': 'Upstream error from Nvidia: Service temporarily overloaded', 'code': 503, 'metadata': {'error_type': 'provider_overloaded'}}}
00:14:40|WARNING|jea4917ce8f attempt 0: {'id': 'gen-1790208879-vqotQv9jhvPztV3YWACv', 'error': {'message': 'Upstream error from Nvidia: Service temporarily overloaded', 'code': 503, 'metadata': {'error_type': 'provider_overloaded'}}}
00:14:44|WARNING|jeb7770e9e4 attempt 0: {'id': 'gen-1790208884-EbSDQnLQypJUC6G1Sozx', 'error': {'message': 'Upstream error from Nvidia: Service temporarily overloaded', 'code': 503, 'metadata': {'error_type': 'provider_overloaded'}}}
00:14:46|WARNING|jeee05e0519 attempt 0: {'id': 'gen-1790208885-imt0cwmsmwB2QHnAYAds', 'error': {'message': 'Upstream error from Nvidia: Service temporarily overloaded', 'code': 503, 'metadata': {'error_type': 'provider_overloaded'}}}
00:14:47|WARNING|jefab43b82a attempt 0: {'id': 'gen-1790208887-A8A169uZfOrtd9JQDX6m', 'error': {'message': 'Upstream error from Nvidia: Service temporarily overloaded', 'code': 503, 'metadata': {'error_type': 'provider_overloaded'}}}
00:14:54|WARNING|jf404dcfede attempt 0: {'id': 'gen-1790208893-yyuYPX1nyIzZ2MuahFGn', 'error': {'message': 'Upstream error from Nvidia: Service temporarily overloaded', 'code': 503, 'metadata': {'error_type': 'provider_overloaded'}}}
00:14:57|WARNING|jf6dee69773 attempt 0: {'id': 'gen-1790208897-31fCE0MsNkmyXFUkqySn', 'error': {'message': 'Upstream error from Nvidia: Service temporarily overloaded', 'code': 503, 'metadata': {'error_type': 'provider_overloaded'}}}
00:15:04|WARNING|jfc3f1106f2 attempt 0: {'id': 'gen-1790208904-bNCKK4ZE373EGyo1xx2V', 'error': {'message': 'Upstream error from Nvidia: Service temporarily overloaded', 'code': 503, 'metadata': {'error_type': 'provider_overloaded'}}}
00:15:14|WARNING|jfe22d054c0 attempt 0: {'id': 'gen-1790208913-h8Bvtq54jMogWDdrvMIa', 'error': {'message': 'Upstream error from Nvidia: Service temporarily overloaded', 'code': 503, 'metadata': {'error_type': 'provider_overloaded'}}}
00:15:20|WARNING|jfefed45270 attempt 0: {'id': 'gen-1790208920-esjR97YTKTJie92CzjMH', 'error': {'message': 'Upstream error from Nvidia: Service temporarily overloaded', 'code': 503, 'metadata': {'error_type': 'provider_overloaded'}}}
00:15:22|WARNING|j0ac3e59117 attempt 1: {'id': 'gen-1790208921-BwlRA0Lg2boP88UVS9To', 'error': {'message': 'Upstream error from Nvidia: Service temporarily overloaded', 'code': 503, 'metadata': {'error_type': 'provider_overloaded'}}}
00:15:22|WARNING|j17dc8cd107 attempt 1: {'id': 'gen-1790208922-qVIKpKrlMiERug38lnSa', 'error': {'message': 'Upstream error from Nvidia: Service temporarily overloaded', 'code': 503, 'metadata': {'error_type': 'provider_overloaded'}}}
00:15:24|WARNING|j38121469b7 attempt 1: {'id': 'gen-1790208923-YYiV6kcJrLyJ6mYDF2dI', 'error': {'message': 'Upstream error from Nvidia: Service temporarily overloaded', 'code': 503, 'metadata': {'error_type': 'provider_overloaded'}}}
00:15:28|WARNING|j00e4ab6fa1 attempt 1: {'id': 'gen-1790208927-f19l2Gqi00zS1KwmsHo0', 'error': {'message': 'Upstream error from Nvidia: Service temporarily overloaded', 'code': 503, 'metadata': {'error_type': 'provider_overloaded'}}}
00:15:30|WARNING|j68eb423e0e attempt 1: {'id': 'gen-1790208929-ChjcSP7NaJFMFfeD4uTn', 'error': {'message': 'Upstream error from Nvidia: Service temporarily overloaded', 'code': 503, 'metadata': {'error_type': 'provider_overloaded'}}}
00:15:31|WARNING|j124002c1d6 attempt 1: {'id': 'gen-1790208930-p4I8phAC8RUbnV74BWMu', 'error': {'message': 'Upstream error from Nvidia: Service temporarily overloaded', 'code': 503, 'metadata': {'error_type': 'provider_overloaded'}}}
00:16:00|WARNING|j07678832b3 attempt 1: {'id': 'gen-1790208959-uZnupKxA2V5RhlfomP7N', 'error': {'message': 'Upstream error from Nvidia: Service temporarily overloaded', 'code': 503, 'metadata': {'error_type': 'provider_overloaded'}}}
00:16:04|WARNING|j2099a3c509 attempt 1: {'id': 'gen-1790208963-vITIFQ16aOv7I7n6MSFN', 'error': {'message': 'Upstream error from Nvidia: Service temporarily overloaded', 'code': 503, 'metadata': {'error_type': 'provider_overloaded'}}}
00:16:08|WARNING|j10c2a43369 attempt 1: {'id': 'gen-1790208966-rPoEkTspffa2Oyk1Ciy0', 'error': {'message': 'Upstream error from Nvidia: Service temporarily overloaded', 'code': 503, 'metadata': {'error_type': 'provider_overloaded'}}}
00:16:11|WARNING|j07d5e43c60 attempt 1: {'id': 'gen-1790208970-c2u5TZH6P1VU5Q9cxtDE', 'error': {'message': 'Upstream error from Nvidia: Service temporarily overloaded', 'code': 503, 'metadata': {'error_type': 'provider_overloaded'}}}
00:16:17|WARNING|j1473fff31f attempt 1: {'id': 'gen-1790208976-Z7yYUqXtydgnLICEJW11', 'error': {'message': 'Upstream error from Nvidia: Service temporarily overloaded', 'code': 503, 'metadata': {'error_type': 'provider_overloaded'}}}
00:16:20|WARNING|j0c79e5d05d attempt 1: {'id': 'gen-1790208979-Be4BG1pF8KwQbG3OxJLR', 'error': {'message': 'Upstream error from Nvidia: Service temporarily overloaded', 'code': 503, 'metadata': {'error_type': 'provider_overloaded'}}}
00:16:27|WARNING|j0d5a47d101 attempt 1: {'id': 'gen-1790208986-2DMzeBrH78saJWhRqOjo', 'error': {'message': 'Upstream error from Nvidia: Service temporarily overloaded', 'code': 503, 'metadata': {'error_type': 'provider_overloaded'}}}
00:16:31|WARNING|j082a019ad2 attempt 1: {'id': 'gen-1790208991-8yZhv6QPnFedi1iJZSpi', 'error': {'message': 'Upstream error from Nvidia: Service temporarily overloaded', 'code': 503, 'metadata': {'error_type': 'provider_overloaded'}}}
00:16:32|WARNING|j0dcb9ea48a attempt 1: {'id': 'gen-1790208991-GpK7Eq2dte55Q9rsjP5H', 'error': {'message': 'Upstream error from Nvidia: Service temporarily overloaded', 'code': 503, 'metadata': {'error_type': 'provider_overloaded'}}}
00:16:36|WARNING|j4b1dcfa64d attempt 1: {'id': 'gen-1790208995-YTzb4qrLzB3nBpUBych0', 'error': {'message': 'Upstream error from Nvidia: Service temporarily overloaded', 'code': 503, 'metadata': {'error_type': 'provider_overloaded'}}}
00:16:36|WARNING|j50710c2a40 attempt 1: {'id': 'gen-1790208995-OTN9lbncVrTcCek3Pgr0', 'error': {'message': 'Upstream error from Nvidia: Service temporarily overloaded', 'code': 503, 'metadata': {'error_type': 'provider_overloaded'}}}
00:16:40|WARNING|j53bf758328 attempt 1: {'id': 'gen-1790208999-RmoRRD4UiaFByjcvn4Cu', 'error': {'message': 'Upstream error from Nvidia: Service temporarily overloaded', 'code': 503, 'metadata': {'error_type': 'provider_overloaded'}}}
00:16:40|WARNING|j105e2636df attempt 1: {'id': 'gen-1790208999-M2NFPdkZ4jfPF66B5JxB', 'error': {'message': 'Upstream error from Nvidia: Service temporarily overloaded', 'code': 503, 'metadata': {'error_type': 'provider_overloaded'}}}
00:16:47|WARNING|j05477ba09f attempt 1: {'id': 'gen-1790209006-cs640SNJUtZVuHrI3DCs', 'error': {'message': 'Upstream error from Nvidia: Service temporarily overloaded', 'code': 503, 'metadata': {'error_type': 'provider_overloaded'}}}
00:16:48|WARNING|j0c0408e2ee attempt 1: {'id': 'gen-1790209007-2E4v1Zgl7hgwf14tvA8g', 'error': {'message': 'Upstream error from Nvidia: Service temporarily overloaded', 'code': 503, 'metadata': {'error_type': 'provider_overloaded'}}}
00:16:52|WARNING|j118b4f4615 attempt 1: {'id': 'gen-1790209011-vrZ3eoiVxUEZ50rUWkEN', 'error': {'message': 'Upstream error from Nvidia: Service temporarily overloaded', 'code': 503, 'metadata': {'error_type': 'provider_overloaded'}}}
00:16:58|WARNING|j3f1dc8b35f attempt 1: {'id': 'gen-1790209018-XufpXzikoS3qjT8dQ5A8', 'error': {'message': 'Upstream error from Nvidia: Service temporarily overloaded', 'code': 503, 'metadata': {'error_type': 'provider_overloaded'}}}
00:17:02|WARNING|j49e2b975e5 attempt 1: {'id': 'gen-1790209021-Jfr89Wz2mM2O72VzTxVr', 'error': {'message': 'Upstream error from Nvidia: Service temporarily overloaded', 'code': 503, 'metadata': {'error_type': 'provider_overloaded'}}}
00:17:03|WARNING|j4ce64c86e5 attempt 1: {'id': 'gen-1790209022-PFxbI0j2xI2TYIAPJRfl', 'error': {'message': 'Upstream error from Nvidia: Service temporarily overloaded', 'code': 503, 'metadata': {'error_type': 'provider_overloaded'}}}
00:17:04|WARNING|j501ef084f9 attempt 1: {'id': 'gen-1790209022-TGzwUsBhUcG49VpbIYN2', 'error': {'message': 'Upstream error from Nvidia: Service temporarily overloaded', 'code': 503, 'metadata': {'error_type': 'provider_overloaded'}}}
00:17:06|WARNING|j550a84d572 attempt 1: {'id': 'gen-1790209025-5DbSEoJxYKEvcoRBDRFQ', 'error': {'message': 'Upstream error from Nvidia: Service temporarily overloaded', 'code': 503, 'metadata': {'error_type': 'provider_overloaded'}}}
00:17:07|WARNING|j566600704c attempt 1: {'id': 'gen-1790209026-dIH9RSWl304GjiFOisYc', 'error': {'message': 'Upstream error from Nvidia: Service temporarily overloaded', 'code': 503, 'metadata': {'error_type': 'provider_overloaded'}}}
00:17:11|WARNING|j62bd4df0e9 attempt 1: {'id': 'gen-1790209030-TTW1ojCmKIVrsCfGX2J8', 'error': {'message': 'Upstream error from Nvidia: Service temporarily overloaded', 'code': 503, 'metadata': {'error_type': 'provider_overloaded'}}}
00:17:12|WARNING|j6388a6aa86 attempt 1: {'id': 'gen-1790209031-6YB9AqyjHGEqINdgFDZI', 'error': {'message': 'Upstream error from Nvidia: Service temporarily overloaded', 'code': 503, 'metadata': {'error_type': 'provider_overloaded'}}}
00:17:13|WARNING|j6f6748ff1a attempt 1: {'id': 'gen-1790209033-w0yGQqyqxGQ7ZjKfhVqk', 'error': {'message': 'Upstream error from Nvidia: Service temporarily overloaded', 'code': 503, 'metadata': {'error_type': 'provider_overloaded'}}}
00:17:15|WARNING|j7c2f7fa069 attempt 1: {'id': 'gen-1790209035-1P5j2rCzjA7TOYo3rUgS', 'error': {'message': 'Upstream error from Nvidia: Service temporarily overloaded', 'code': 503, 'metadata': {'error_type': 'provider_overloaded'}}}
00:17:16|WARNING|j77b80c7502 attempt 1: {'id': 'gen-1790209035-dWEZXSPgxtElrKV8VMYk', 'error': {'message': 'Upstream error from Nvidia: Service temporarily overloaded', 'code': 503, 'metadata': {'error_type': 'provider_overloaded'}}}
00:17:23|WARNING|j84fb8aa5a0 attempt 1: {'id': 'gen-1790209042-GJvmsITMMdOFa8CNVpAU', 'error': {'message': 'Upstream error from Nvidia: Service temporarily overloaded', 'code': 503, 'metadata': {'error_type': 'provider_overloaded'}}}
00:17:24|WARNING|j8678a04a1d attempt 1: {'id': 'gen-1790209044-ApZqnmrqox7VfbfbmWfn', 'error': {'message': 'Upstream error from Nvidia: Service temporarily overloaded', 'code': 503, 'metadata': {'error_type': 'provider_overloaded'}}}
00:17:26|WARNING|j85c71a7649 attempt 1: {'id': 'gen-1790209045-X2ymQkzQsYkUt3bbE8bE', 'error': {'message': 'Upstream error from Nvidia: Service temporarily overloaded', 'code': 503, 'metadata': {'error_type': 'provider_overloaded'}}}
00:17:26|WARNING|j8c3a169bc2 attempt 1: {'id': 'gen-1790209045-m2BJ4ovYzecfv2MI5B0P', 'error': {'message': 'Upstream error from Nvidia: Service temporarily overloaded', 'code': 503, 'metadata': {'error_type': 'provider_overloaded'}}}
00:17:31|WARNING|j8f1e53aea7 attempt 1: {'id': 'gen-1790209050-PsMgTFus44d2mAbEXsZk', 'error': {'message': 'Upstream error from Nvidia: Service temporarily overloaded', 'code': 503, 'metadata': {'error_type': 'provider_overloaded'}}}
00:17:32|WARNING|j91d9d816fe attempt 1: {'id': 'gen-1790209051-t6uDhQVruZFFzMkkOf6e', 'error': {'message': 'Upstream error from Nvidia: Service temporarily overloaded', 'code': 503, 'metadata': {'error_type': 'provider_overloaded'}}}
00:17:33|WARNING|j974f8071a2 attempt 1: {'id': 'gen-1790209053-qAaLK8H32zEGP5nzsAKn', 'error': {'message': 'Upstream error from Nvidia: Service temporarily overloaded', 'code': 503, 'metadata': {'error_type': 'provider_overloaded'}}}
00:17:34|WARNING|j93ac8771c1 attempt 1: {'id': 'gen-1790209053-4DVm8YfNCPHOXTN5MFj9', 'error': {'message': 'Upstream error from Nvidia: Service temporarily overloaded', 'code': 503, 'metadata': {'error_type': 'provider_overloaded'}}}
00:17:46|WARNING|jb9166d0554 attempt 1: {'id': 'gen-1790209065-cGTnISChjnLElGOjb4BU', 'error': {'message': 'Upstream error from Nvidia: Service temporarily overloaded', 'code': 503, 'metadata': {'error_type': 'provider_overloaded'}}}
00:17:46|WARNING|jb11a26d923 attempt 1: {'id': 'gen-1790209065-TQe2uFtq2dFQCRUrRNXL', 'error': {'message': 'Upstream error from Nvidia: Service temporarily overloaded', 'code': 503, 'metadata': {'error_type': 'provider_overloaded'}}}
00:17:55|WARNING|jc34b067d96 attempt 1: {'id': 'gen-1790209075-TBSXAi6YkCkQi4ye65Sv', 'error': {'message': 'Upstream error from Nvidia: Service temporarily overloaded', 'code': 503, 'metadata': {'error_type': 'provider_overloaded'}}}
00:18:06|WARNING|jcc2d13714a attempt 1: {'id': 'gen-1790209086-Sr5nmcUo1XSVTApfElpj', 'error': {'message': 'Upstream error from Nvidia: Service temporarily overloaded', 'code': 503, 'metadata': {'error_type': 'provider_overloaded'}}}
00:18:07|WARNING|jcd3acfdfc2 attempt 1: {'id': 'gen-1790209087-jCTfEh3PSkdjpeM1Dst2', 'error': {'message': 'Upstream error from Nvidia: Service temporarily overloaded', 'code': 503, 'metadata': {'error_type': 'provider_overloaded'}}}
00:18:08|WARNING|jcc1d446756 attempt 1: {'id': 'gen-1790209087-wdCKhlVG9lNTI8MpDGNs', 'error': {'message': 'Upstream error from Nvidia: Service temporarily overloaded', 'code': 503, 'metadata': {'error_type': 'provider_overloaded'}}}
00:18:12|WARNING|jd291f94735 attempt 1: {'id': 'gen-1790209091-fNoY5av8k6DjW6SRUAih', 'error': {'message': 'Upstream error from Nvidia: Service temporarily overloaded', 'code': 503, 'metadata': {'error_type': 'provider_overloaded'}}}
00:18:15|WARNING|jd6b4919c61 attempt 1: {'id': 'gen-1790209094-PPmbBCwThCc4cHpuV9sr', 'error': {'message': 'Upstream error from Nvidia: Service temporarily overloaded', 'code': 503, 'metadata': {'error_type': 'provider_overloaded'}}}
00:18:24|WARNING|je133596188 attempt 1: {'id': 'gen-1790209103-YL4ehee5e2glDuFdaFtW', 'error': {'message': 'Upstream error from Nvidia: Service temporarily overloaded', 'code': 503, 'metadata': {'error_type': 'provider_overloaded'}}}
00:18:31|WARNING|jefab43b82a attempt 1: {'id': 'gen-1790209110-xFFxeBeAtt9SwbqShCnY', 'error': {'message': 'Upstream error from Nvidia: Service temporarily overloaded', 'code': 503, 'metadata': {'error_type': 'provider_overloaded'}}}
00:18:39|WARNING|jfe22d054c0 attempt 1: {'id': 'gen-1790209118-QeWnC4P9Q9EZRRe8o78J', 'error': {'message': 'Upstream error from Nvidia: Service temporarily overloaded', 'code': 503, 'metadata': {'error_type': 'provider_overloaded'}}}
00:18:39|WARNING|jfefed45270 attempt 1: {'id': 'gen-1790209118-Fjqp5mVXxZLe4JxMeunN', 'error': {'message': 'Upstream error from Nvidia: Service temporarily overloaded', 'code': 503, 'metadata': {'error_type': 'provider_overloaded'}}}
00:18:39|WARNING|jfc3f1106f2 attempt 1: {'id': 'gen-1790209118-K3hEhktPeIcKmLafzus1', 'error': {'message': 'Upstream error from Nvidia: Service temporarily overloaded', 'code': 503, 'metadata': {'error_type': 'provider_overloaded'}}}
00:18:40|WARNING|j17dc8cd107 attempt 2: {'id': 'gen-1790209119-Oe9bSpYWXmnZDGn83YYM', 'error': {'message': 'Upstream error from Nvidia: Service temporarily overloaded', 'code': 503, 'metadata': {'error_type': 'provider_overloaded'}}}
00:18:44|WARNING|j124002c1d6 attempt 2: {'id': 'gen-1790209124-dkQIepvBqnZlCtb0L0rG', 'error': {'message': 'Upstream error from Nvidia: Service temporarily overloaded', 'code': 503, 'metadata': {'error_type': 'provider_overloaded'}}}
00:18:48|WARNING|j07d5e43c60 attempt 2: {'id': 'gen-1790209127-vyityvSyeX6tTTnVQF5u', 'error': {'message': 'Upstream error from Nvidia: Service temporarily overloaded', 'code': 503, 'metadata': {'error_type': 'provider_overloaded'}}}
00:18:48|WARNING|j0c79e5d05d attempt 2: {'id': 'gen-1790209128-C3hc0LlCYiKWs3xNMYIB', 'error': {'message': 'Upstream error from Nvidia: Service temporarily overloaded', 'code': 503, 'metadata': {'error_type': 'provider_overloaded'}}}
00:18:53|WARNING|j0d5a47d101 attempt 2: {'id': 'gen-1790209133-LJaC4kY0Xux3lsvV2buR', 'error': {'message': 'Upstream error from Nvidia: Service temporarily overloaded', 'code': 503, 'metadata': {'error_type': 'provider_overloaded'}}}
00:19:03|WARNING|j0c0408e2ee attempt 2: {'id': 'gen-1790209142-HpELANr0IGcL92lgDfCs', 'error': {'message': 'Upstream error from Nvidia: Service temporarily overloaded', 'code': 503, 'metadata': {'error_type': 'provider_overloaded'}}}
00:19:03|WARNING|j05477ba09f attempt 2: {'id': 'gen-1790209142-3EV5Fle07yhGJ3iiWl6W', 'error': {'message': 'Upstream error from Nvidia: Service temporarily overloaded', 'code': 503, 'metadata': {'error_type': 'provider_overloaded'}}}
00:19:07|WARNING|j501ef084f9 attempt 2: {'id': 'gen-1790209147-BcJkWvEdBy63cwn7hwLh', 'error': {'message': 'Upstream error from Nvidia: Service temporarily overloaded', 'code': 503, 'metadata': {'error_type': 'provider_overloaded'}}}
00:19:10|WARNING|j62bd4df0e9 attempt 2: {'id': 'gen-1790209149-VsDrt3hSBUsg6Muju6y6', 'error': {'message': 'Upstream error from Nvidia: Service temporarily overloaded', 'code': 503, 'metadata': {'error_type': 'provider_overloaded'}}}
00:19:10|WARNING|j566600704c attempt 2: {'id': 'gen-1790209149-MaHCDEktRuv718ddhBvC', 'error': {'message': 'Upstream error from Nvidia: Service temporarily overloaded', 'code': 503, 'metadata': {'error_type': 'provider_overloaded'}}}
00:19:11|WARNING|j6388a6aa86 attempt 2: {'id': 'gen-1790209151-yO06mzBUoNKBywYKIXYH', 'error': {'message': 'Upstream error from Nvidia: Service temporarily overloaded', 'code': 503, 'metadata': {'error_type': 'provider_overloaded'}}}
00:19:12|WARNING|j6f6748ff1a attempt 2: {'id': 'gen-1790209151-2fSlatB4xqjk96snigTT', 'error': {'message': 'Upstream error from Nvidia: Service temporarily overloaded', 'code': 503, 'metadata': {'error_type': 'provider_overloaded'}}}
00:19:13|WARNING|j77b80c7502 attempt 2: {'id': 'gen-1790209152-6s0O7Y79gYmf2Wt2Ouut', 'error': {'message': 'Upstream error from Nvidia: Service temporarily overloaded', 'code': 503, 'metadata': {'error_type': 'provider_overloaded'}}}
00:19:14|WARNING|j84fb8aa5a0 attempt 2: {'id': 'gen-1790209153-jCnnx97LWkyrxjRB0np0', 'error': {'message': 'Upstream error from Nvidia: Service temporarily overloaded', 'code': 503, 'metadata': {'error_type': 'provider_overloaded'}}}
00:19:17|WARNING|j8f1e53aea7 attempt 2: {'id': 'gen-1790209156-QDmyV1HJAfbm4NfobSIf', 'error': {'message': 'Upstream error from Nvidia: Service temporarily overloaded', 'code': 503, 'metadata': {'error_type': 'provider_overloaded'}}}
00:19:18|WARNING|j974f8071a2 attempt 2: {'id': 'gen-1790209157-z79J6w1wOLkYafkSMji9', 'error': {'message': 'Upstream error from Nvidia: Service temporarily overloaded', 'code': 503, 'metadata': {'error_type': 'provider_overloaded'}}}
00:19:22|WARNING|jcc2d13714a attempt 2: {'id': 'gen-1790209162-GCRdkYzS5qBBfMkbwnk7', 'error': {'message': 'Upstream error from Nvidia: Service temporarily overloaded', 'code': 503, 'metadata': {'error_type': 'provider_overloaded'}}}
00:19:25|WARNING|jcd3acfdfc2 attempt 2: {'id': 'gen-1790209164-ZaP5huT28EUcIuzkfV7l', 'error': {'message': 'Upstream error from Nvidia: Service temporarily overloaded', 'code': 503, 'metadata': {'error_type': 'provider_overloaded'}}}
00:19:26|WARNING|je133596188 attempt 2: {'id': 'gen-1790209166-Mdo6O9ok5vvYNtiiDtyg', 'error': {'message': 'Upstream error from Nvidia: Service temporarily overloaded', 'code': 503, 'metadata': {'error_type': 'provider_overloaded'}}}
00:19:29|WARNING|jfefed45270 attempt 2: {'id': 'gen-1790209168-vaUqs4Yly4Mf6Ay5u4A1', 'error': {'message': 'Upstream error from Nvidia: Service temporarily overloaded', 'code': 503, 'metadata': {'error_type': 'provider_overloaded'}}}
00:19:29|WARNING|jfe22d054c0 attempt 2: {'id': 'gen-1790209169-mg9TgqoxmziNX2Qyswo2', 'error': {'message': 'Upstream error from Nvidia: Service temporarily overloaded', 'code': 503, 'metadata': {'error_type': 'provider_overloaded'}}}
00:19:30|WARNING|jfc3f1106f2 attempt 2: {'id': 'gen-1790209170-lXWazn2mdY4x5q8jwCKH', 'error': {'message': 'Upstream error from Nvidia: Service temporarily overloaded', 'code': 503, 'metadata': {'error_type': 'provider_overloaded'}}}
00:19:31|WARNING|j07d5e43c60 attempt 3: {'id': 'gen-1790209170-hzZz17elXmcqxEECbiTo', 'error': {'message': 'Upstream error from Nvidia: Service temporarily overloaded', 'code': 503, 'metadata': {'error_type': 'provider_overloaded'}}}
00:19:34|WARNING|j0c79e5d05d attempt 3: {'id': 'gen-1790209174-CGuNHOJ6o342LID9GADj', 'error': {'message': 'Upstream error from Nvidia: Service temporarily overloaded', 'code': 503, 'metadata': {'error_type': 'provider_overloaded'}}}
00:19:36|WARNING|j0c0408e2ee attempt 3: {'id': 'gen-1790209176-o5L7QuWKYNwSZ8k7dYkz', 'error': {'message': 'Upstream error from Nvidia: Service temporarily overloaded', 'code': 503, 'metadata': {'error_type': 'provider_overloaded'}}}
00:19:40|WARNING|j501ef084f9 attempt 3: {'id': 'gen-1790209179-Oa3TGHK4Uj8rmJpIjuoC', 'error': {'message': 'Upstream error from Nvidia: Service temporarily overloaded', 'code': 503, 'metadata': {'error_type': 'provider_overloaded'}}}
00:19:42|WARNING|j566600704c attempt 3: {'id': 'gen-1790209181-trc7ghAC42gyl3pvTvNv', 'error': {'message': 'Upstream error from Nvidia: Service temporarily overloaded', 'code': 503, 'metadata': {'error_type': 'provider_overloaded'}}}
00:19:46|WARNING|j6388a6aa86 attempt 3: {'id': 'gen-1790209186-5xNpS0QCgUY264kz4eGb', 'error': {'message': 'Upstream error from Nvidia: Service temporarily overloaded', 'code': 503, 'metadata': {'error_type': 'provider_overloaded'}}}
00:19:49|WARNING|j77b80c7502 attempt 3: {'id': 'gen-1790209189-7RUe2YJ8ZFhasMeA5qF8', 'error': {'message': 'Upstream error from Nvidia: Service temporarily overloaded', 'code': 503, 'metadata': {'error_type': 'provider_overloaded'}}}
00:19:52|WARNING|j974f8071a2 attempt 3: {'id': 'gen-1790209191-E77z7LMZGya8z4oGr3ru', 'error': {'message': 'Upstream error from Nvidia: Service temporarily overloaded', 'code': 503, 'metadata': {'error_type': 'provider_overloaded'}}}
00:19:59|WARNING|je133596188 attempt 3: {'id': 'gen-1790209198-tSma6lLpp8UH7BHccEcr', 'error': {'message': 'Upstream error from Nvidia: Service temporarily overloaded', 'code': 503, 'metadata': {'error_type': 'provider_overloaded'}}}
00:20:05|WARNING|jfc3f1106f2 attempt 3: {'id': 'gen-1790209204-O0EsqbO6GLRU3WtajqJx', 'error': {'message': 'Upstream error from Nvidia: Service temporarily overloaded', 'code': 503, 'metadata': {'error_type': 'provider_overloaded'}}}
00:20:22|WARNING|j0c0408e2ee attempt 4: {'id': 'gen-1790209222-Ekj1lzZxCWnm7N0svSoj', 'error': {'message': 'Upstream error from Nvidia: Service temporarily overloaded', 'code': 503, 'metadata': {'error_type': 'provider_overloaded'}}}
00:20:28|WARNING|j6388a6aa86 attempt 4: {'id': 'gen-1790209227-M1Jbsgf4pMWB7UAYVE0c', 'error': {'message': 'Upstream error from Nvidia: Service temporarily overloaded', 'code': 503, 'metadata': {'error_type': 'provider_overloaded'}}}
00:21:22|INFO   |nvidia/nemotron-3-ultra-550b-a55b:free: batch done; cumulative spend $1.113
00:21:22|INFO   |labels: Counter({'NOT_JUDGED': 3416, 'refused': 783, 'complied': 275, 'partial': 12, 'irrelevant': 2}); spent $1.113
