Warning : `load_model` does not return WordVectorModel or SupervisedModel any more, but a `FastText` object which is very similar.
/ai-inventor/aii_data/runs/run_Fapgmt6JWbcD/3_invention_loop/iter_3/gen_art/gen_art_experiment_9/analysis.py:363: Pandas4Warning: Starting with pandas version 4.0 all arguments of sum will be keyword-only.
  W["b3_37_48"] = 1 - W[["b3_1_12", "b3_13_24", "b3_25_36"]].sum(1)
/ai-inventor/aii_data/runs/run_Fapgmt6JWbcD/3_invention_loop/iter_3/gen_art/gen_art_experiment_9/.venv/lib/python3.12/site-packages/numpy/_core/fromnumeric.py:3862: RuntimeWarning: Mean of empty slice
  return _methods._mean(a, axis=axis, dtype=dtype,
/ai-inventor/aii_data/runs/run_Fapgmt6JWbcD/3_invention_loop/iter_3/gen_art/gen_art_experiment_9/.venv/lib/python3.12/site-packages/numpy/_core/_methods.py:142: RuntimeWarning: invalid value encountered in scalar divide
  ret = ret.dtype.type(ret / rcount)
/ai-inventor/aii_data/runs/run_Fapgmt6JWbcD/3_invention_loop/iter_3/gen_art/gen_art_experiment_9/.venv/lib/python3.12/site-packages/numpy/_core/fromnumeric.py:3862: RuntimeWarning: Mean of empty slice
  return _methods._mean(a, axis=axis, dtype=dtype,
/ai-inventor/aii_data/runs/run_Fapgmt6JWbcD/3_invention_loop/iter_3/gen_art/gen_art_experiment_9/.venv/lib/python3.12/site-packages/numpy/_core/_methods.py:142: RuntimeWarning: invalid value encountered in scalar divide
  ret = ret.dtype.type(ret / rcount)
{
 "n_generations": 27784,
 "n_judged": 27761,
 "n_cells": 122
}
P1 {'n_cells': 46, 'r2_base': 0.69205605588272, 'r2_full': 0.73181259505624, 'dR2': 0.039756539173519956, 'dR2_ci95': [0.006021018123442054, 0.13617262341862454], 'dR2_loo': -0.002177444305512255, 'mde_dR2_80pct_power': 0.07106966231009641, 'pass_P1': False}
P2 {
"n_groups": 4,
"n_items_sl": 41,
"n_items_en": 40,
"contrast_SL": 0.04878048780487804,
"contrast_SL_ci95": [
-2.7755575615628914e-17,
0.0975609756097561
],
"p_boot_SL_le0": 0.035,
"contrast_EN": 0.16875,
"contrast_EN_ci95": [
0.09375000000000003,
0.24375000000000002
],
"SL_minus_random": 0.04878048780487804,
"SL_minus_random_ci95": [
-2.7755575615628914e-17,
0.0975609756097561
],
"p_boot_SL_minus_random_le0": 0.035,
"SL_minus_pc": 0.07317073170731708,
"SL_minus_pc_ci95": [
0.012195121951219495,
0.1402439024390244
],
"did_SL_minus_EN": -0.11996951219512197,
"did_ci95": [
-0.21389100609756104,
-0.032618140243902465
],
"p_boot_did_le0": 0.996
}
