05:25:14|INFO   |loaded 203 scored edits
05:25:17|INFO   |transfer slopes: {"R_seq": 0.22, "R1": 0.436, "Rb": 0.167, "K": 0.776, "N": 0.168, "M": 0.079}
05:25:22|INFO   |Gap R1: +0.054 (raw +0.053) R2 EN 0.991 SL 0.940 ceil 1.00/1.00 B +0.005
05:25:26|INFO   |Gap Rb: +0.018 (raw +0.021) R2 EN 0.992 SL 0.977 ceil 1.00/1.00 B -0.002
05:25:31|INFO   |Gap K: +0.079 (raw +0.087) R2 EN 0.968 SL 0.913 ceil 0.99/0.98 B +0.012
05:25:35|INFO   |Gap N: +0.410 (raw +0.366) R2 EN 0.505 SL 0.024 ceil 0.68/0.51 B +0.173
05:25:40|INFO   |Gap M: +nan (raw +0.470) R2 EN 0.607 SL -0.205 ceil 0.51/-0.28 B +0.320
05:25:44|INFO   |Gap R_seq: +0.087 (raw +0.087) R2 EN 0.980 SL 0.873 ceil 1.00/1.00 B +0.039
/ai-inventor/aii_data/runs/run_Fapgmt6JWbcD/3_invention_loop/iter_2/gen_art/gen_art_experiment_7/analysis.py:287: RuntimeWarning: Mean of empty slice
  res["Gap"] = float(np.nanmean([a["Gap"], b["Gap"]]))
/ai-inventor/aii_data/runs/run_Fapgmt6JWbcD/3_invention_loop/iter_2/gen_art/gen_art_experiment_7/analysis.py:287: RuntimeWarning: Mean of empty slice
  res["Gap"] = float(np.nanmean([a["Gap"], b["Gap"]]))
/ai-inventor/aii_data/runs/run_Fapgmt6JWbcD/3_invention_loop/iter_2/gen_art/gen_art_experiment_7/analysis.py:287: RuntimeWarning: Mean of empty slice
  res["Gap"] = float(np.nanmean([a["Gap"], b["Gap"]]))
/ai-inventor/aii_data/runs/run_Fapgmt6JWbcD/3_invention_loop/iter_2/gen_art/gen_art_experiment_7/analysis.py:287: RuntimeWarning: Mean of empty slice
  res["Gap"] = float(np.nanmean([a["Gap"], b["Gap"]]))
/ai-inventor/aii_data/runs/run_Fapgmt6JWbcD/3_invention_loop/iter_2/gen_art/gen_art_experiment_7/analysis.py:287: RuntimeWarning: Mean of empty slice
  res["Gap"] = float(np.nanmean([a["Gap"], b["Gap"]]))
/ai-inventor/aii_data/runs/run_Fapgmt6JWbcD/3_invention_loop/iter_2/gen_art/gen_art_experiment_7/analysis.py:287: RuntimeWarning: Mean of empty slice
  res["Gap"] = float(np.nanmean([a["Gap"], b["Gap"]]))
/ai-inventor/aii_data/runs/run_Fapgmt6JWbcD/3_invention_loop/iter_2/gen_art/gen_art_experiment_7/analysis.py:287: RuntimeWarning: Mean of empty slice
  res["Gap"] = float(np.nanmean([a["Gap"], b["Gap"]]))
/ai-inventor/aii_data/runs/run_Fapgmt6JWbcD/3_invention_loop/iter_2/gen_art/gen_art_experiment_7/analysis.py:287: RuntimeWarning: Mean of empty slice
  res["Gap"] = float(np.nanmean([a["Gap"], b["Gap"]]))
/ai-inventor/aii_data/runs/run_Fapgmt6JWbcD/3_invention_loop/iter_2/gen_art/gen_art_experiment_7/analysis.py:287: RuntimeWarning: Mean of empty slice
  res["Gap"] = float(np.nanmean([a["Gap"], b["Gap"]]))
/ai-inventor/aii_data/runs/run_Fapgmt6JWbcD/3_invention_loop/iter_2/gen_art/gen_art_experiment_7/analysis.py:287: RuntimeWarning: Mean of empty slice
  res["Gap"] = float(np.nanmean([a["Gap"], b["Gap"]]))
/ai-inventor/aii_data/runs/run_Fapgmt6JWbcD/3_invention_loop/iter_2/gen_art/gen_art_experiment_7/analysis.py:287: RuntimeWarning: Mean of empty slice
  res["Gap"] = float(np.nanmean([a["Gap"], b["Gap"]]))
/ai-inventor/aii_data/runs/run_Fapgmt6JWbcD/3_invention_loop/iter_2/gen_art/gen_art_experiment_7/analysis.py:287: RuntimeWarning: Mean of empty slice
  res["Gap"] = float(np.nanmean([a["Gap"], b["Gap"]]))
/ai-inventor/aii_data/runs/run_Fapgmt6JWbcD/3_invention_loop/iter_2/gen_art/gen_art_experiment_7/analysis.py:287: RuntimeWarning: Mean of empty slice
  res["Gap"] = float(np.nanmean([a["Gap"], b["Gap"]]))
/ai-inventor/aii_data/runs/run_Fapgmt6JWbcD/3_invention_loop/iter_2/gen_art/gen_art_experiment_7/analysis.py:287: RuntimeWarning: Mean of empty slice
  res["Gap"] = float(np.nanmean([a["Gap"], b["Gap"]]))
06:14:19|INFO   |bootstrap done 2915s
/ai-inventor/aii_data/runs/run_Fapgmt6JWbcD/3_invention_loop/iter_2/gen_art/gen_art_experiment_7/analysis.py:287: RuntimeWarning: Mean of empty slice
  res["Gap"] = float(np.nanmean([a["Gap"], b["Gap"]]))
/ai-inventor/aii_data/runs/run_Fapgmt6JWbcD/3_invention_loop/iter_2/gen_art/gen_art_experiment_7/analysis.py:287: RuntimeWarning: Mean of empty slice
  res["Gap"] = float(np.nanmean([a["Gap"], b["Gap"]]))
/ai-inventor/aii_data/runs/run_Fapgmt6JWbcD/3_invention_loop/iter_2/gen_art/gen_art_experiment_7/analysis.py:287: RuntimeWarning: Mean of empty slice
  res["Gap"] = float(np.nanmean([a["Gap"], b["Gap"]]))
/ai-inventor/aii_data/runs/run_Fapgmt6JWbcD/3_invention_loop/iter_2/gen_art/gen_art_experiment_7/analysis.py:287: RuntimeWarning: Mean of empty slice
  res["Gap"] = float(np.nanmean([a["Gap"], b["Gap"]]))
/ai-inventor/aii_data/runs/run_Fapgmt6JWbcD/3_invention_loop/iter_2/gen_art/gen_art_experiment_7/analysis.py:287: RuntimeWarning: Mean of empty slice
  res["Gap"] = float(np.nanmean([a["Gap"], b["Gap"]]))
/ai-inventor/aii_data/runs/run_Fapgmt6JWbcD/3_invention_loop/iter_2/gen_art/gen_art_experiment_7/analysis.py:287: RuntimeWarning: Mean of empty slice
  res["Gap"] = float(np.nanmean([a["Gap"], b["Gap"]]))
/ai-inventor/aii_data/runs/run_Fapgmt6JWbcD/3_invention_loop/iter_2/gen_art/gen_art_experiment_7/analysis.py:287: RuntimeWarning: Mean of empty slice
  res["Gap"] = float(np.nanmean([a["Gap"], b["Gap"]]))
/ai-inventor/aii_data/runs/run_Fapgmt6JWbcD/3_invention_loop/iter_2/gen_art/gen_art_experiment_7/analysis.py:287: RuntimeWarning: Mean of empty slice
  res["Gap"] = float(np.nanmean([a["Gap"], b["Gap"]]))
/ai-inventor/aii_data/runs/run_Fapgmt6JWbcD/3_invention_loop/iter_2/gen_art/gen_art_experiment_7/analysis.py:287: RuntimeWarning: Mean of empty slice
  res["Gap"] = float(np.nanmean([a["Gap"], b["Gap"]]))
/ai-inventor/aii_data/runs/run_Fapgmt6JWbcD/3_invention_loop/iter_2/gen_art/gen_art_experiment_7/analysis.py:287: RuntimeWarning: Mean of empty slice
  res["Gap"] = float(np.nanmean([a["Gap"], b["Gap"]]))
/ai-inventor/aii_data/runs/run_Fapgmt6JWbcD/3_invention_loop/iter_2/gen_art/gen_art_experiment_7/analysis.py:287: RuntimeWarning: Mean of empty slice
  res["Gap"] = float(np.nanmean([a["Gap"], b["Gap"]]))
/ai-inventor/aii_data/runs/run_Fapgmt6JWbcD/3_invention_loop/iter_2/gen_art/gen_art_experiment_7/analysis.py:287: RuntimeWarning: Mean of empty slice
  res["Gap"] = float(np.nanmean([a["Gap"], b["Gap"]]))
/ai-inventor/aii_data/runs/run_Fapgmt6JWbcD/3_invention_loop/iter_2/gen_art/gen_art_experiment_7/analysis.py:287: RuntimeWarning: Mean of empty slice
  res["Gap"] = float(np.nanmean([a["Gap"], b["Gap"]]))
/ai-inventor/aii_data/runs/run_Fapgmt6JWbcD/3_invention_loop/iter_2/gen_art/gen_art_experiment_7/analysis.py:287: RuntimeWarning: Mean of empty slice
  res["Gap"] = float(np.nanmean([a["Gap"], b["Gap"]]))
/ai-inventor/aii_data/runs/run_Fapgmt6JWbcD/3_invention_loop/iter_2/gen_art/gen_art_experiment_7/analysis.py:287: RuntimeWarning: Mean of empty slice
  res["Gap"] = float(np.nanmean([a["Gap"], b["Gap"]]))
/ai-inventor/aii_data/runs/run_Fapgmt6JWbcD/3_invention_loop/iter_2/gen_art/gen_art_experiment_7/analysis.py:287: RuntimeWarning: Mean of empty slice
  res["Gap"] = float(np.nanmean([a["Gap"], b["Gap"]]))
/ai-inventor/aii_data/runs/run_Fapgmt6JWbcD/3_invention_loop/iter_2/gen_art/gen_art_experiment_7/analysis.py:287: RuntimeWarning: Mean of empty slice
  res["Gap"] = float(np.nanmean([a["Gap"], b["Gap"]]))
/ai-inventor/aii_data/runs/run_Fapgmt6JWbcD/3_invention_loop/iter_2/gen_art/gen_art_experiment_7/analysis.py:287: RuntimeWarning: Mean of empty slice
  res["Gap"] = float(np.nanmean([a["Gap"], b["Gap"]]))
/ai-inventor/aii_data/runs/run_Fapgmt6JWbcD/3_invention_loop/iter_2/gen_art/gen_art_experiment_7/analysis.py:287: RuntimeWarning: Mean of empty slice
  res["Gap"] = float(np.nanmean([a["Gap"], b["Gap"]]))
/ai-inventor/aii_data/runs/run_Fapgmt6JWbcD/3_invention_loop/iter_2/gen_art/gen_art_experiment_7/analysis.py:287: RuntimeWarning: Mean of empty slice
  res["Gap"] = float(np.nanmean([a["Gap"], b["Gap"]]))
/ai-inventor/aii_data/runs/run_Fapgmt6JWbcD/3_invention_loop/iter_2/gen_art/gen_art_experiment_7/analysis.py:287: RuntimeWarning: Mean of empty slice
  res["Gap"] = float(np.nanmean([a["Gap"], b["Gap"]]))
/ai-inventor/aii_data/runs/run_Fapgmt6JWbcD/3_invention_loop/iter_2/gen_art/gen_art_experiment_7/analysis.py:287: RuntimeWarning: Mean of empty slice
  res["Gap"] = float(np.nanmean([a["Gap"], b["Gap"]]))
/ai-inventor/aii_data/runs/run_Fapgmt6JWbcD/3_invention_loop/iter_2/gen_art/gen_art_experiment_7/analysis.py:287: RuntimeWarning: Mean of empty slice
  res["Gap"] = float(np.nanmean([a["Gap"], b["Gap"]]))
/ai-inventor/aii_data/runs/run_Fapgmt6JWbcD/3_invention_loop/iter_2/gen_art/gen_art_experiment_7/analysis.py:287: RuntimeWarning: Mean of empty slice
  res["Gap"] = float(np.nanmean([a["Gap"], b["Gap"]]))
/ai-inventor/aii_data/runs/run_Fapgmt6JWbcD/3_invention_loop/iter_2/gen_art/gen_art_experiment_7/analysis.py:287: RuntimeWarning: Mean of empty slice
  res["Gap"] = float(np.nanmean([a["Gap"], b["Gap"]]))
/ai-inventor/aii_data/runs/run_Fapgmt6JWbcD/3_invention_loop/iter_2/gen_art/gen_art_experiment_7/analysis.py:287: RuntimeWarning: Mean of empty slice
  res["Gap"] = float(np.nanmean([a["Gap"], b["Gap"]]))
/ai-inventor/aii_data/runs/run_Fapgmt6JWbcD/3_invention_loop/iter_2/gen_art/gen_art_experiment_7/analysis.py:287: RuntimeWarning: Mean of empty slice
  res["Gap"] = float(np.nanmean([a["Gap"], b["Gap"]]))
/ai-inventor/aii_data/runs/run_Fapgmt6JWbcD/3_invention_loop/iter_2/gen_art/gen_art_experiment_7/analysis.py:287: RuntimeWarning: Mean of empty slice
  res["Gap"] = float(np.nanmean([a["Gap"], b["Gap"]]))
/ai-inventor/aii_data/runs/run_Fapgmt6JWbcD/3_invention_loop/iter_2/gen_art/gen_art_experiment_7/analysis.py:287: RuntimeWarning: Mean of empty slice
  res["Gap"] = float(np.nanmean([a["Gap"], b["Gap"]]))
/ai-inventor/aii_data/runs/run_Fapgmt6JWbcD/3_invention_loop/iter_2/gen_art/gen_art_experiment_7/analysis.py:287: RuntimeWarning: Mean of empty slice
  res["Gap"] = float(np.nanmean([a["Gap"], b["Gap"]]))
/ai-inventor/aii_data/runs/run_Fapgmt6JWbcD/3_invention_loop/iter_2/gen_art/gen_art_experiment_7/analysis.py:287: RuntimeWarning: Mean of empty slice
  res["Gap"] = float(np.nanmean([a["Gap"], b["Gap"]]))
/ai-inventor/aii_data/runs/run_Fapgmt6JWbcD/3_invention_loop/iter_2/gen_art/gen_art_experiment_7/analysis.py:287: RuntimeWarning: Mean of empty slice
  res["Gap"] = float(np.nanmean([a["Gap"], b["Gap"]]))
/ai-inventor/aii_data/runs/run_Fapgmt6JWbcD/3_invention_loop/iter_2/gen_art/gen_art_experiment_7/analysis.py:287: RuntimeWarning: Mean of empty slice
  res["Gap"] = float(np.nanmean([a["Gap"], b["Gap"]]))
/ai-inventor/aii_data/runs/run_Fapgmt6JWbcD/3_invention_loop/iter_2/gen_art/gen_art_experiment_7/analysis.py:287: RuntimeWarning: Mean of empty slice
  res["Gap"] = float(np.nanmean([a["Gap"], b["Gap"]]))
/ai-inventor/aii_data/runs/run_Fapgmt6JWbcD/3_invention_loop/iter_2/gen_art/gen_art_experiment_7/analysis.py:287: RuntimeWarning: Mean of empty slice
  res["Gap"] = float(np.nanmean([a["Gap"], b["Gap"]]))
/ai-inventor/aii_data/runs/run_Fapgmt6JWbcD/3_invention_loop/iter_2/gen_art/gen_art_experiment_7/analysis.py:287: RuntimeWarning: Mean of empty slice
  res["Gap"] = float(np.nanmean([a["Gap"], b["Gap"]]))
/ai-inventor/aii_data/runs/run_Fapgmt6JWbcD/3_invention_loop/iter_2/gen_art/gen_art_experiment_7/analysis.py:287: RuntimeWarning: Mean of empty slice
  res["Gap"] = float(np.nanmean([a["Gap"], b["Gap"]]))
/ai-inventor/aii_data/runs/run_Fapgmt6JWbcD/3_invention_loop/iter_2/gen_art/gen_art_experiment_7/analysis.py:287: RuntimeWarning: Mean of empty slice
  res["Gap"] = float(np.nanmean([a["Gap"], b["Gap"]]))
/ai-inventor/aii_data/runs/run_Fapgmt6JWbcD/3_invention_loop/iter_2/gen_art/gen_art_experiment_7/analysis.py:287: RuntimeWarning: Mean of empty slice
  res["Gap"] = float(np.nanmean([a["Gap"], b["Gap"]]))
/ai-inventor/aii_data/runs/run_Fapgmt6JWbcD/3_invention_loop/iter_2/gen_art/gen_art_experiment_7/analysis.py:287: RuntimeWarning: Mean of empty slice
  res["Gap"] = float(np.nanmean([a["Gap"], b["Gap"]]))
/ai-inventor/aii_data/runs/run_Fapgmt6JWbcD/3_invention_loop/iter_2/gen_art/gen_art_experiment_7/analysis.py:287: RuntimeWarning: Mean of empty slice
  res["Gap"] = float(np.nanmean([a["Gap"], b["Gap"]]))
/ai-inventor/aii_data/runs/run_Fapgmt6JWbcD/3_invention_loop/iter_2/gen_art/gen_art_experiment_7/analysis.py:287: RuntimeWarning: Mean of empty slice
  res["Gap"] = float(np.nanmean([a["Gap"], b["Gap"]]))
/ai-inventor/aii_data/runs/run_Fapgmt6JWbcD/3_invention_loop/iter_2/gen_art/gen_art_experiment_7/analysis.py:287: RuntimeWarning: Mean of empty slice
  res["Gap"] = float(np.nanmean([a["Gap"], b["Gap"]]))
/ai-inventor/aii_data/runs/run_Fapgmt6JWbcD/3_invention_loop/iter_2/gen_art/gen_art_experiment_7/analysis.py:287: RuntimeWarning: Mean of empty slice
  res["Gap"] = float(np.nanmean([a["Gap"], b["Gap"]]))
/ai-inventor/aii_data/runs/run_Fapgmt6JWbcD/3_invention_loop/iter_2/gen_art/gen_art_experiment_7/analysis.py:287: RuntimeWarning: Mean of empty slice
  res["Gap"] = float(np.nanmean([a["Gap"], b["Gap"]]))
/ai-inventor/aii_data/runs/run_Fapgmt6JWbcD/3_invention_loop/iter_2/gen_art/gen_art_experiment_7/analysis.py:287: RuntimeWarning: Mean of empty slice
  res["Gap"] = float(np.nanmean([a["Gap"], b["Gap"]]))
/ai-inventor/aii_data/runs/run_Fapgmt6JWbcD/3_invention_loop/iter_2/gen_art/gen_art_experiment_7/analysis.py:287: RuntimeWarning: Mean of empty slice
  res["Gap"] = float(np.nanmean([a["Gap"], b["Gap"]]))
/ai-inventor/aii_data/runs/run_Fapgmt6JWbcD/3_invention_loop/iter_2/gen_art/gen_art_experiment_7/analysis.py:287: RuntimeWarning: Mean of empty slice
  res["Gap"] = float(np.nanmean([a["Gap"], b["Gap"]]))
/ai-inventor/aii_data/runs/run_Fapgmt6JWbcD/3_invention_loop/iter_2/gen_art/gen_art_experiment_7/analysis.py:287: RuntimeWarning: Mean of empty slice
  res["Gap"] = float(np.nanmean([a["Gap"], b["Gap"]]))
/ai-inventor/aii_data/runs/run_Fapgmt6JWbcD/3_invention_loop/iter_2/gen_art/gen_art_experiment_7/analysis.py:287: RuntimeWarning: Mean of empty slice
  res["Gap"] = float(np.nanmean([a["Gap"], b["Gap"]]))
/ai-inventor/aii_data/runs/run_Fapgmt6JWbcD/3_invention_loop/iter_2/gen_art/gen_art_experiment_7/analysis.py:287: RuntimeWarning: Mean of empty slice
  res["Gap"] = float(np.nanmean([a["Gap"], b["Gap"]]))
/ai-inventor/aii_data/runs/run_Fapgmt6JWbcD/3_invention_loop/iter_2/gen_art/gen_art_experiment_7/analysis.py:287: RuntimeWarning: Mean of empty slice
  res["Gap"] = float(np.nanmean([a["Gap"], b["Gap"]]))
/ai-inventor/aii_data/runs/run_Fapgmt6JWbcD/3_invention_loop/iter_2/gen_art/gen_art_experiment_7/analysis.py:287: RuntimeWarning: Mean of empty slice
  res["Gap"] = float(np.nanmean([a["Gap"], b["Gap"]]))
/ai-inventor/aii_data/runs/run_Fapgmt6JWbcD/3_invention_loop/iter_2/gen_art/gen_art_experiment_7/analysis.py:287: RuntimeWarning: Mean of empty slice
  res["Gap"] = float(np.nanmean([a["Gap"], b["Gap"]]))
/ai-inventor/aii_data/runs/run_Fapgmt6JWbcD/3_invention_loop/iter_2/gen_art/gen_art_experiment_7/analysis.py:287: RuntimeWarning: Mean of empty slice
  res["Gap"] = float(np.nanmean([a["Gap"], b["Gap"]]))
/ai-inventor/aii_data/runs/run_Fapgmt6JWbcD/3_invention_loop/iter_2/gen_art/gen_art_experiment_7/analysis.py:287: RuntimeWarning: Mean of empty slice
  res["Gap"] = float(np.nanmean([a["Gap"], b["Gap"]]))
/ai-inventor/aii_data/runs/run_Fapgmt6JWbcD/3_invention_loop/iter_2/gen_art/gen_art_experiment_7/analysis.py:287: RuntimeWarning: Mean of empty slice
  res["Gap"] = float(np.nanmean([a["Gap"], b["Gap"]]))
/ai-inventor/aii_data/runs/run_Fapgmt6JWbcD/3_invention_loop/iter_2/gen_art/gen_art_experiment_7/analysis.py:287: RuntimeWarning: Mean of empty slice
  res["Gap"] = float(np.nanmean([a["Gap"], b["Gap"]]))
/ai-inventor/aii_data/runs/run_Fapgmt6JWbcD/3_invention_loop/iter_2/gen_art/gen_art_experiment_7/analysis.py:287: RuntimeWarning: Mean of empty slice
  res["Gap"] = float(np.nanmean([a["Gap"], b["Gap"]]))
/ai-inventor/aii_data/runs/run_Fapgmt6JWbcD/3_invention_loop/iter_2/gen_art/gen_art_experiment_7/analysis.py:287: RuntimeWarning: Mean of empty slice
  res["Gap"] = float(np.nanmean([a["Gap"], b["Gap"]]))
/ai-inventor/aii_data/runs/run_Fapgmt6JWbcD/3_invention_loop/iter_2/gen_art/gen_art_experiment_7/analysis.py:287: RuntimeWarning: Mean of empty slice
  res["Gap"] = float(np.nanmean([a["Gap"], b["Gap"]]))
/ai-inventor/aii_data/runs/run_Fapgmt6JWbcD/3_invention_loop/iter_2/gen_art/gen_art_experiment_7/analysis.py:287: RuntimeWarning: Mean of empty slice
  res["Gap"] = float(np.nanmean([a["Gap"], b["Gap"]]))
/ai-inventor/aii_data/runs/run_Fapgmt6JWbcD/3_invention_loop/iter_2/gen_art/gen_art_experiment_7/analysis.py:287: RuntimeWarning: Mean of empty slice
  res["Gap"] = float(np.nanmean([a["Gap"], b["Gap"]]))
/ai-inventor/aii_data/runs/run_Fapgmt6JWbcD/3_invention_loop/iter_2/gen_art/gen_art_experiment_7/analysis.py:287: RuntimeWarning: Mean of empty slice
  res["Gap"] = float(np.nanmean([a["Gap"], b["Gap"]]))
/ai-inventor/aii_data/runs/run_Fapgmt6JWbcD/3_invention_loop/iter_2/gen_art/gen_art_experiment_7/analysis.py:287: RuntimeWarning: Mean of empty slice
  res["Gap"] = float(np.nanmean([a["Gap"], b["Gap"]]))
/ai-inventor/aii_data/runs/run_Fapgmt6JWbcD/3_invention_loop/iter_2/gen_art/gen_art_experiment_7/analysis.py:287: RuntimeWarning: Mean of empty slice
  res["Gap"] = float(np.nanmean([a["Gap"], b["Gap"]]))
/ai-inventor/aii_data/runs/run_Fapgmt6JWbcD/3_invention_loop/iter_2/gen_art/gen_art_experiment_7/analysis.py:287: RuntimeWarning: Mean of empty slice
  res["Gap"] = float(np.nanmean([a["Gap"], b["Gap"]]))
/ai-inventor/aii_data/runs/run_Fapgmt6JWbcD/3_invention_loop/iter_2/gen_art/gen_art_experiment_7/analysis.py:287: RuntimeWarning: Mean of empty slice
  res["Gap"] = float(np.nanmean([a["Gap"], b["Gap"]]))
/ai-inventor/aii_data/runs/run_Fapgmt6JWbcD/3_invention_loop/iter_2/gen_art/gen_art_experiment_7/analysis.py:287: RuntimeWarning: Mean of empty slice
  res["Gap"] = float(np.nanmean([a["Gap"], b["Gap"]]))
/ai-inventor/aii_data/runs/run_Fapgmt6JWbcD/3_invention_loop/iter_2/gen_art/gen_art_experiment_7/analysis.py:287: RuntimeWarning: Mean of empty slice
  res["Gap"] = float(np.nanmean([a["Gap"], b["Gap"]]))
/ai-inventor/aii_data/runs/run_Fapgmt6JWbcD/3_invention_loop/iter_2/gen_art/gen_art_experiment_7/analysis.py:287: RuntimeWarning: Mean of empty slice
  res["Gap"] = float(np.nanmean([a["Gap"], b["Gap"]]))
/ai-inventor/aii_data/runs/run_Fapgmt6JWbcD/3_invention_loop/iter_2/gen_art/gen_art_experiment_7/analysis.py:287: RuntimeWarning: Mean of empty slice
  res["Gap"] = float(np.nanmean([a["Gap"], b["Gap"]]))
/ai-inventor/aii_data/runs/run_Fapgmt6JWbcD/3_invention_loop/iter_2/gen_art/gen_art_experiment_7/analysis.py:287: RuntimeWarning: Mean of empty slice
  res["Gap"] = float(np.nanmean([a["Gap"], b["Gap"]]))
/ai-inventor/aii_data/runs/run_Fapgmt6JWbcD/3_invention_loop/iter_2/gen_art/gen_art_experiment_7/analysis.py:287: RuntimeWarning: Mean of empty slice
  res["Gap"] = float(np.nanmean([a["Gap"], b["Gap"]]))
/ai-inventor/aii_data/runs/run_Fapgmt6JWbcD/3_invention_loop/iter_2/gen_art/gen_art_experiment_7/analysis.py:287: RuntimeWarning: Mean of empty slice
  res["Gap"] = float(np.nanmean([a["Gap"], b["Gap"]]))
/ai-inventor/aii_data/runs/run_Fapgmt6JWbcD/3_invention_loop/iter_2/gen_art/gen_art_experiment_7/analysis.py:287: RuntimeWarning: Mean of empty slice
  res["Gap"] = float(np.nanmean([a["Gap"], b["Gap"]]))
/ai-inventor/aii_data/runs/run_Fapgmt6JWbcD/3_invention_loop/iter_2/gen_art/gen_art_experiment_7/analysis.py:287: RuntimeWarning: Mean of empty slice
  res["Gap"] = float(np.nanmean([a["Gap"], b["Gap"]]))
/ai-inventor/aii_data/runs/run_Fapgmt6JWbcD/3_invention_loop/iter_2/gen_art/gen_art_experiment_7/analysis.py:287: RuntimeWarning: Mean of empty slice
  res["Gap"] = float(np.nanmean([a["Gap"], b["Gap"]]))
/ai-inventor/aii_data/runs/run_Fapgmt6JWbcD/3_invention_loop/iter_2/gen_art/gen_art_experiment_7/analysis.py:287: RuntimeWarning: Mean of empty slice
  res["Gap"] = float(np.nanmean([a["Gap"], b["Gap"]]))
/ai-inventor/aii_data/runs/run_Fapgmt6JWbcD/3_invention_loop/iter_2/gen_art/gen_art_experiment_7/analysis.py:287: RuntimeWarning: Mean of empty slice
  res["Gap"] = float(np.nanmean([a["Gap"], b["Gap"]]))
/ai-inventor/aii_data/runs/run_Fapgmt6JWbcD/3_invention_loop/iter_2/gen_art/gen_art_experiment_7/analysis.py:287: RuntimeWarning: Mean of empty slice
  res["Gap"] = float(np.nanmean([a["Gap"], b["Gap"]]))
/ai-inventor/aii_data/runs/run_Fapgmt6JWbcD/3_invention_loop/iter_2/gen_art/gen_art_experiment_7/analysis.py:287: RuntimeWarning: Mean of empty slice
  res["Gap"] = float(np.nanmean([a["Gap"], b["Gap"]]))
/ai-inventor/aii_data/runs/run_Fapgmt6JWbcD/3_invention_loop/iter_2/gen_art/gen_art_experiment_7/analysis.py:287: RuntimeWarning: Mean of empty slice
  res["Gap"] = float(np.nanmean([a["Gap"], b["Gap"]]))
/ai-inventor/aii_data/runs/run_Fapgmt6JWbcD/3_invention_loop/iter_2/gen_art/gen_art_experiment_7/analysis.py:287: RuntimeWarning: Mean of empty slice
  res["Gap"] = float(np.nanmean([a["Gap"], b["Gap"]]))
/ai-inventor/aii_data/runs/run_Fapgmt6JWbcD/3_invention_loop/iter_2/gen_art/gen_art_experiment_7/analysis.py:287: RuntimeWarning: Mean of empty slice
  res["Gap"] = float(np.nanmean([a["Gap"], b["Gap"]]))
/ai-inventor/aii_data/runs/run_Fapgmt6JWbcD/3_invention_loop/iter_2/gen_art/gen_art_experiment_7/analysis.py:287: RuntimeWarning: Mean of empty slice
  res["Gap"] = float(np.nanmean([a["Gap"], b["Gap"]]))
/ai-inventor/aii_data/runs/run_Fapgmt6JWbcD/3_invention_loop/iter_2/gen_art/gen_art_experiment_7/analysis.py:287: RuntimeWarning: Mean of empty slice
  res["Gap"] = float(np.nanmean([a["Gap"], b["Gap"]]))
/ai-inventor/aii_data/runs/run_Fapgmt6JWbcD/3_invention_loop/iter_2/gen_art/gen_art_experiment_7/analysis.py:287: RuntimeWarning: Mean of empty slice
  res["Gap"] = float(np.nanmean([a["Gap"], b["Gap"]]))
/ai-inventor/aii_data/runs/run_Fapgmt6JWbcD/3_invention_loop/iter_2/gen_art/gen_art_experiment_7/analysis.py:287: RuntimeWarning: Mean of empty slice
  res["Gap"] = float(np.nanmean([a["Gap"], b["Gap"]]))
/ai-inventor/aii_data/runs/run_Fapgmt6JWbcD/3_invention_loop/iter_2/gen_art/gen_art_experiment_7/analysis.py:287: RuntimeWarning: Mean of empty slice
  res["Gap"] = float(np.nanmean([a["Gap"], b["Gap"]]))
/ai-inventor/aii_data/runs/run_Fapgmt6JWbcD/3_invention_loop/iter_2/gen_art/gen_art_experiment_7/analysis.py:287: RuntimeWarning: Mean of empty slice
  res["Gap"] = float(np.nanmean([a["Gap"], b["Gap"]]))
/ai-inventor/aii_data/runs/run_Fapgmt6JWbcD/3_invention_loop/iter_2/gen_art/gen_art_experiment_7/analysis.py:287: RuntimeWarning: Mean of empty slice
  res["Gap"] = float(np.nanmean([a["Gap"], b["Gap"]]))
/ai-inventor/aii_data/runs/run_Fapgmt6JWbcD/3_invention_loop/iter_2/gen_art/gen_art_experiment_7/analysis.py:287: RuntimeWarning: Mean of empty slice
  res["Gap"] = float(np.nanmean([a["Gap"], b["Gap"]]))
/ai-inventor/aii_data/runs/run_Fapgmt6JWbcD/3_invention_loop/iter_2/gen_art/gen_art_experiment_7/analysis.py:287: RuntimeWarning: Mean of empty slice
  res["Gap"] = float(np.nanmean([a["Gap"], b["Gap"]]))
/ai-inventor/aii_data/runs/run_Fapgmt6JWbcD/3_invention_loop/iter_2/gen_art/gen_art_experiment_7/analysis.py:287: RuntimeWarning: Mean of empty slice
  res["Gap"] = float(np.nanmean([a["Gap"], b["Gap"]]))
/ai-inventor/aii_data/runs/run_Fapgmt6JWbcD/3_invention_loop/iter_2/gen_art/gen_art_experiment_7/analysis.py:287: RuntimeWarning: Mean of empty slice
  res["Gap"] = float(np.nanmean([a["Gap"], b["Gap"]]))
/ai-inventor/aii_data/runs/run_Fapgmt6JWbcD/3_invention_loop/iter_2/gen_art/gen_art_experiment_7/analysis.py:287: RuntimeWarning: Mean of empty slice
  res["Gap"] = float(np.nanmean([a["Gap"], b["Gap"]]))
/ai-inventor/aii_data/runs/run_Fapgmt6JWbcD/3_invention_loop/iter_2/gen_art/gen_art_experiment_7/analysis.py:287: RuntimeWarning: Mean of empty slice
  res["Gap"] = float(np.nanmean([a["Gap"], b["Gap"]]))
/ai-inventor/aii_data/runs/run_Fapgmt6JWbcD/3_invention_loop/iter_2/gen_art/gen_art_experiment_7/analysis.py:287: RuntimeWarning: Mean of empty slice
  res["Gap"] = float(np.nanmean([a["Gap"], b["Gap"]]))
/ai-inventor/aii_data/runs/run_Fapgmt6JWbcD/3_invention_loop/iter_2/gen_art/gen_art_experiment_7/analysis.py:287: RuntimeWarning: Mean of empty slice
  res["Gap"] = float(np.nanmean([a["Gap"], b["Gap"]]))
/ai-inventor/aii_data/runs/run_Fapgmt6JWbcD/3_invention_loop/iter_2/gen_art/gen_art_experiment_7/analysis.py:287: RuntimeWarning: Mean of empty slice
  res["Gap"] = float(np.nanmean([a["Gap"], b["Gap"]]))
/ai-inventor/aii_data/runs/run_Fapgmt6JWbcD/3_invention_loop/iter_2/gen_art/gen_art_experiment_7/analysis.py:287: RuntimeWarning: Mean of empty slice
  res["Gap"] = float(np.nanmean([a["Gap"], b["Gap"]]))
/ai-inventor/aii_data/runs/run_Fapgmt6JWbcD/3_invention_loop/iter_2/gen_art/gen_art_experiment_7/analysis.py:287: RuntimeWarning: Mean of empty slice
  res["Gap"] = float(np.nanmean([a["Gap"], b["Gap"]]))
/ai-inventor/aii_data/runs/run_Fapgmt6JWbcD/3_invention_loop/iter_2/gen_art/gen_art_experiment_7/analysis.py:287: RuntimeWarning: Mean of empty slice
  res["Gap"] = float(np.nanmean([a["Gap"], b["Gap"]]))
/ai-inventor/aii_data/runs/run_Fapgmt6JWbcD/3_invention_loop/iter_2/gen_art/gen_art_experiment_7/analysis.py:287: RuntimeWarning: Mean of empty slice
  res["Gap"] = float(np.nanmean([a["Gap"], b["Gap"]]))
/ai-inventor/aii_data/runs/run_Fapgmt6JWbcD/3_invention_loop/iter_2/gen_art/gen_art_experiment_7/analysis.py:287: RuntimeWarning: Mean of empty slice
  res["Gap"] = float(np.nanmean([a["Gap"], b["Gap"]]))
/ai-inventor/aii_data/runs/run_Fapgmt6JWbcD/3_invention_loop/iter_2/gen_art/gen_art_experiment_7/analysis.py:287: RuntimeWarning: Mean of empty slice
  res["Gap"] = float(np.nanmean([a["Gap"], b["Gap"]]))
/ai-inventor/aii_data/runs/run_Fapgmt6JWbcD/3_invention_loop/iter_2/gen_art/gen_art_experiment_7/analysis.py:287: RuntimeWarning: Mean of empty slice
  res["Gap"] = float(np.nanmean([a["Gap"], b["Gap"]]))
/ai-inventor/aii_data/runs/run_Fapgmt6JWbcD/3_invention_loop/iter_2/gen_art/gen_art_experiment_7/analysis.py:287: RuntimeWarning: Mean of empty slice
  res["Gap"] = float(np.nanmean([a["Gap"], b["Gap"]]))
/ai-inventor/aii_data/runs/run_Fapgmt6JWbcD/3_invention_loop/iter_2/gen_art/gen_art_experiment_7/analysis.py:287: RuntimeWarning: Mean of empty slice
  res["Gap"] = float(np.nanmean([a["Gap"], b["Gap"]]))
/ai-inventor/aii_data/runs/run_Fapgmt6JWbcD/3_invention_loop/iter_2/gen_art/gen_art_experiment_7/analysis.py:287: RuntimeWarning: Mean of empty slice
  res["Gap"] = float(np.nanmean([a["Gap"], b["Gap"]]))
/ai-inventor/aii_data/runs/run_Fapgmt6JWbcD/3_invention_loop/iter_2/gen_art/gen_art_experiment_7/analysis.py:287: RuntimeWarning: Mean of empty slice
  res["Gap"] = float(np.nanmean([a["Gap"], b["Gap"]]))
/ai-inventor/aii_data/runs/run_Fapgmt6JWbcD/3_invention_loop/iter_2/gen_art/gen_art_experiment_7/analysis.py:287: RuntimeWarning: Mean of empty slice
  res["Gap"] = float(np.nanmean([a["Gap"], b["Gap"]]))
/ai-inventor/aii_data/runs/run_Fapgmt6JWbcD/3_invention_loop/iter_2/gen_art/gen_art_experiment_7/analysis.py:287: RuntimeWarning: Mean of empty slice
  res["Gap"] = float(np.nanmean([a["Gap"], b["Gap"]]))
/ai-inventor/aii_data/runs/run_Fapgmt6JWbcD/3_invention_loop/iter_2/gen_art/gen_art_experiment_7/analysis.py:287: RuntimeWarning: Mean of empty slice
  res["Gap"] = float(np.nanmean([a["Gap"], b["Gap"]]))
/ai-inventor/aii_data/runs/run_Fapgmt6JWbcD/3_invention_loop/iter_2/gen_art/gen_art_experiment_7/analysis.py:287: RuntimeWarning: Mean of empty slice
  res["Gap"] = float(np.nanmean([a["Gap"], b["Gap"]]))
/ai-inventor/aii_data/runs/run_Fapgmt6JWbcD/3_invention_loop/iter_2/gen_art/gen_art_experiment_7/analysis.py:287: RuntimeWarning: Mean of empty slice
  res["Gap"] = float(np.nanmean([a["Gap"], b["Gap"]]))
/ai-inventor/aii_data/runs/run_Fapgmt6JWbcD/3_invention_loop/iter_2/gen_art/gen_art_experiment_7/analysis.py:287: RuntimeWarning: Mean of empty slice
  res["Gap"] = float(np.nanmean([a["Gap"], b["Gap"]]))
/ai-inventor/aii_data/runs/run_Fapgmt6JWbcD/3_invention_loop/iter_2/gen_art/gen_art_experiment_7/analysis.py:287: RuntimeWarning: Mean of empty slice
  res["Gap"] = float(np.nanmean([a["Gap"], b["Gap"]]))
/ai-inventor/aii_data/runs/run_Fapgmt6JWbcD/3_invention_loop/iter_2/gen_art/gen_art_experiment_7/analysis.py:287: RuntimeWarning: Mean of empty slice
  res["Gap"] = float(np.nanmean([a["Gap"], b["Gap"]]))
/ai-inventor/aii_data/runs/run_Fapgmt6JWbcD/3_invention_loop/iter_2/gen_art/gen_art_experiment_7/analysis.py:287: RuntimeWarning: Mean of empty slice
  res["Gap"] = float(np.nanmean([a["Gap"], b["Gap"]]))
/ai-inventor/aii_data/runs/run_Fapgmt6JWbcD/3_invention_loop/iter_2/gen_art/gen_art_experiment_7/analysis.py:287: RuntimeWarning: Mean of empty slice
  res["Gap"] = float(np.nanmean([a["Gap"], b["Gap"]]))
/ai-inventor/aii_data/runs/run_Fapgmt6JWbcD/3_invention_loop/iter_2/gen_art/gen_art_experiment_7/analysis.py:287: RuntimeWarning: Mean of empty slice
  res["Gap"] = float(np.nanmean([a["Gap"], b["Gap"]]))
/ai-inventor/aii_data/runs/run_Fapgmt6JWbcD/3_invention_loop/iter_2/gen_art/gen_art_experiment_7/analysis.py:287: RuntimeWarning: Mean of empty slice
  res["Gap"] = float(np.nanmean([a["Gap"], b["Gap"]]))
/ai-inventor/aii_data/runs/run_Fapgmt6JWbcD/3_invention_loop/iter_2/gen_art/gen_art_experiment_7/analysis.py:287: RuntimeWarning: Mean of empty slice
  res["Gap"] = float(np.nanmean([a["Gap"], b["Gap"]]))
/ai-inventor/aii_data/runs/run_Fapgmt6JWbcD/3_invention_loop/iter_2/gen_art/gen_art_experiment_7/analysis.py:287: RuntimeWarning: Mean of empty slice
  res["Gap"] = float(np.nanmean([a["Gap"], b["Gap"]]))
/ai-inventor/aii_data/runs/run_Fapgmt6JWbcD/3_invention_loop/iter_2/gen_art/gen_art_experiment_7/analysis.py:287: RuntimeWarning: Mean of empty slice
  res["Gap"] = float(np.nanmean([a["Gap"], b["Gap"]]))
/ai-inventor/aii_data/runs/run_Fapgmt6JWbcD/3_invention_loop/iter_2/gen_art/gen_art_experiment_7/analysis.py:287: RuntimeWarning: Mean of empty slice
  res["Gap"] = float(np.nanmean([a["Gap"], b["Gap"]]))
/ai-inventor/aii_data/runs/run_Fapgmt6JWbcD/3_invention_loop/iter_2/gen_art/gen_art_experiment_7/analysis.py:287: RuntimeWarning: Mean of empty slice
  res["Gap"] = float(np.nanmean([a["Gap"], b["Gap"]]))
/ai-inventor/aii_data/runs/run_Fapgmt6JWbcD/3_invention_loop/iter_2/gen_art/gen_art_experiment_7/analysis.py:287: RuntimeWarning: Mean of empty slice
  res["Gap"] = float(np.nanmean([a["Gap"], b["Gap"]]))
/ai-inventor/aii_data/runs/run_Fapgmt6JWbcD/3_invention_loop/iter_2/gen_art/gen_art_experiment_7/analysis.py:287: RuntimeWarning: Mean of empty slice
  res["Gap"] = float(np.nanmean([a["Gap"], b["Gap"]]))
/ai-inventor/aii_data/runs/run_Fapgmt6JWbcD/3_invention_loop/iter_2/gen_art/gen_art_experiment_7/analysis.py:287: RuntimeWarning: Mean of empty slice
  res["Gap"] = float(np.nanmean([a["Gap"], b["Gap"]]))
/ai-inventor/aii_data/runs/run_Fapgmt6JWbcD/3_invention_loop/iter_2/gen_art/gen_art_experiment_7/analysis.py:287: RuntimeWarning: Mean of empty slice
  res["Gap"] = float(np.nanmean([a["Gap"], b["Gap"]]))
/ai-inventor/aii_data/runs/run_Fapgmt6JWbcD/3_invention_loop/iter_2/gen_art/gen_art_experiment_7/analysis.py:287: RuntimeWarning: Mean of empty slice
  res["Gap"] = float(np.nanmean([a["Gap"], b["Gap"]]))
/ai-inventor/aii_data/runs/run_Fapgmt6JWbcD/3_invention_loop/iter_2/gen_art/gen_art_experiment_7/analysis.py:287: RuntimeWarning: Mean of empty slice
  res["Gap"] = float(np.nanmean([a["Gap"], b["Gap"]]))
/ai-inventor/aii_data/runs/run_Fapgmt6JWbcD/3_invention_loop/iter_2/gen_art/gen_art_experiment_7/analysis.py:287: RuntimeWarning: Mean of empty slice
  res["Gap"] = float(np.nanmean([a["Gap"], b["Gap"]]))
/ai-inventor/aii_data/runs/run_Fapgmt6JWbcD/3_invention_loop/iter_2/gen_art/gen_art_experiment_7/analysis.py:287: RuntimeWarning: Mean of empty slice
  res["Gap"] = float(np.nanmean([a["Gap"], b["Gap"]]))
/ai-inventor/aii_data/runs/run_Fapgmt6JWbcD/3_invention_loop/iter_2/gen_art/gen_art_experiment_7/analysis.py:287: RuntimeWarning: Mean of empty slice
  res["Gap"] = float(np.nanmean([a["Gap"], b["Gap"]]))
/ai-inventor/aii_data/runs/run_Fapgmt6JWbcD/3_invention_loop/iter_2/gen_art/gen_art_experiment_7/analysis.py:287: RuntimeWarning: Mean of empty slice
  res["Gap"] = float(np.nanmean([a["Gap"], b["Gap"]]))
/ai-inventor/aii_data/runs/run_Fapgmt6JWbcD/3_invention_loop/iter_2/gen_art/gen_art_experiment_7/analysis.py:287: RuntimeWarning: Mean of empty slice
  res["Gap"] = float(np.nanmean([a["Gap"], b["Gap"]]))
/ai-inventor/aii_data/runs/run_Fapgmt6JWbcD/3_invention_loop/iter_2/gen_art/gen_art_experiment_7/analysis.py:287: RuntimeWarning: Mean of empty slice
  res["Gap"] = float(np.nanmean([a["Gap"], b["Gap"]]))
/ai-inventor/aii_data/runs/run_Fapgmt6JWbcD/3_invention_loop/iter_2/gen_art/gen_art_experiment_7/analysis.py:287: RuntimeWarning: Mean of empty slice
  res["Gap"] = float(np.nanmean([a["Gap"], b["Gap"]]))
/ai-inventor/aii_data/runs/run_Fapgmt6JWbcD/3_invention_loop/iter_2/gen_art/gen_art_experiment_7/analysis.py:287: RuntimeWarning: Mean of empty slice
  res["Gap"] = float(np.nanmean([a["Gap"], b["Gap"]]))
/ai-inventor/aii_data/runs/run_Fapgmt6JWbcD/3_invention_loop/iter_2/gen_art/gen_art_experiment_7/analysis.py:287: RuntimeWarning: Mean of empty slice
  res["Gap"] = float(np.nanmean([a["Gap"], b["Gap"]]))
/ai-inventor/aii_data/runs/run_Fapgmt6JWbcD/3_invention_loop/iter_2/gen_art/gen_art_experiment_7/analysis.py:287: RuntimeWarning: Mean of empty slice
  res["Gap"] = float(np.nanmean([a["Gap"], b["Gap"]]))
/ai-inventor/aii_data/runs/run_Fapgmt6JWbcD/3_invention_loop/iter_2/gen_art/gen_art_experiment_7/analysis.py:287: RuntimeWarning: Mean of empty slice
  res["Gap"] = float(np.nanmean([a["Gap"], b["Gap"]]))
/ai-inventor/aii_data/runs/run_Fapgmt6JWbcD/3_invention_loop/iter_2/gen_art/gen_art_experiment_7/analysis.py:287: RuntimeWarning: Mean of empty slice
  res["Gap"] = float(np.nanmean([a["Gap"], b["Gap"]]))
/ai-inventor/aii_data/runs/run_Fapgmt6JWbcD/3_invention_loop/iter_2/gen_art/gen_art_experiment_7/analysis.py:287: RuntimeWarning: Mean of empty slice
  res["Gap"] = float(np.nanmean([a["Gap"], b["Gap"]]))
/ai-inventor/aii_data/runs/run_Fapgmt6JWbcD/3_invention_loop/iter_2/gen_art/gen_art_experiment_7/analysis.py:287: RuntimeWarning: Mean of empty slice
  res["Gap"] = float(np.nanmean([a["Gap"], b["Gap"]]))
/ai-inventor/aii_data/runs/run_Fapgmt6JWbcD/3_invention_loop/iter_2/gen_art/gen_art_experiment_7/analysis.py:287: RuntimeWarning: Mean of empty slice
  res["Gap"] = float(np.nanmean([a["Gap"], b["Gap"]]))
/ai-inventor/aii_data/runs/run_Fapgmt6JWbcD/3_invention_loop/iter_2/gen_art/gen_art_experiment_7/analysis.py:287: RuntimeWarning: Mean of empty slice
  res["Gap"] = float(np.nanmean([a["Gap"], b["Gap"]]))
/ai-inventor/aii_data/runs/run_Fapgmt6JWbcD/3_invention_loop/iter_2/gen_art/gen_art_experiment_7/analysis.py:287: RuntimeWarning: Mean of empty slice
  res["Gap"] = float(np.nanmean([a["Gap"], b["Gap"]]))
/ai-inventor/aii_data/runs/run_Fapgmt6JWbcD/3_invention_loop/iter_2/gen_art/gen_art_experiment_7/analysis.py:287: RuntimeWarning: Mean of empty slice
  res["Gap"] = float(np.nanmean([a["Gap"], b["Gap"]]))
/ai-inventor/aii_data/runs/run_Fapgmt6JWbcD/3_invention_loop/iter_2/gen_art/gen_art_experiment_7/analysis.py:287: RuntimeWarning: Mean of empty slice
  res["Gap"] = float(np.nanmean([a["Gap"], b["Gap"]]))
/ai-inventor/aii_data/runs/run_Fapgmt6JWbcD/3_invention_loop/iter_2/gen_art/gen_art_experiment_7/analysis.py:287: RuntimeWarning: Mean of empty slice
  res["Gap"] = float(np.nanmean([a["Gap"], b["Gap"]]))
/ai-inventor/aii_data/runs/run_Fapgmt6JWbcD/3_invention_loop/iter_2/gen_art/gen_art_experiment_7/analysis.py:287: RuntimeWarning: Mean of empty slice
  res["Gap"] = float(np.nanmean([a["Gap"], b["Gap"]]))
/ai-inventor/aii_data/runs/run_Fapgmt6JWbcD/3_invention_loop/iter_2/gen_art/gen_art_experiment_7/analysis.py:287: RuntimeWarning: Mean of empty slice
  res["Gap"] = float(np.nanmean([a["Gap"], b["Gap"]]))
/ai-inventor/aii_data/runs/run_Fapgmt6JWbcD/3_invention_loop/iter_2/gen_art/gen_art_experiment_7/analysis.py:287: RuntimeWarning: Mean of empty slice
  res["Gap"] = float(np.nanmean([a["Gap"], b["Gap"]]))
/ai-inventor/aii_data/runs/run_Fapgmt6JWbcD/3_invention_loop/iter_2/gen_art/gen_art_experiment_7/analysis.py:287: RuntimeWarning: Mean of empty slice
  res["Gap"] = float(np.nanmean([a["Gap"], b["Gap"]]))
/ai-inventor/aii_data/runs/run_Fapgmt6JWbcD/3_invention_loop/iter_2/gen_art/gen_art_experiment_7/analysis.py:287: RuntimeWarning: Mean of empty slice
  res["Gap"] = float(np.nanmean([a["Gap"], b["Gap"]]))
/ai-inventor/aii_data/runs/run_Fapgmt6JWbcD/3_invention_loop/iter_2/gen_art/gen_art_experiment_7/analysis.py:287: RuntimeWarning: Mean of empty slice
  res["Gap"] = float(np.nanmean([a["Gap"], b["Gap"]]))
/ai-inventor/aii_data/runs/run_Fapgmt6JWbcD/3_invention_loop/iter_2/gen_art/gen_art_experiment_7/analysis.py:287: RuntimeWarning: Mean of empty slice
  res["Gap"] = float(np.nanmean([a["Gap"], b["Gap"]]))
/ai-inventor/aii_data/runs/run_Fapgmt6JWbcD/3_invention_loop/iter_2/gen_art/gen_art_experiment_7/analysis.py:287: RuntimeWarning: Mean of empty slice
  res["Gap"] = float(np.nanmean([a["Gap"], b["Gap"]]))
/ai-inventor/aii_data/runs/run_Fapgmt6JWbcD/3_invention_loop/iter_2/gen_art/gen_art_experiment_7/analysis.py:287: RuntimeWarning: Mean of empty slice
  res["Gap"] = float(np.nanmean([a["Gap"], b["Gap"]]))
/ai-inventor/aii_data/runs/run_Fapgmt6JWbcD/3_invention_loop/iter_2/gen_art/gen_art_experiment_7/analysis.py:287: RuntimeWarning: Mean of empty slice
  res["Gap"] = float(np.nanmean([a["Gap"], b["Gap"]]))
/ai-inventor/aii_data/runs/run_Fapgmt6JWbcD/3_invention_loop/iter_2/gen_art/gen_art_experiment_7/analysis.py:287: RuntimeWarning: Mean of empty slice
  res["Gap"] = float(np.nanmean([a["Gap"], b["Gap"]]))
/ai-inventor/aii_data/runs/run_Fapgmt6JWbcD/3_invention_loop/iter_2/gen_art/gen_art_experiment_7/analysis.py:287: RuntimeWarning: Mean of empty slice
  res["Gap"] = float(np.nanmean([a["Gap"], b["Gap"]]))
/ai-inventor/aii_data/runs/run_Fapgmt6JWbcD/3_invention_loop/iter_2/gen_art/gen_art_experiment_7/analysis.py:287: RuntimeWarning: Mean of empty slice
  res["Gap"] = float(np.nanmean([a["Gap"], b["Gap"]]))
/ai-inventor/aii_data/runs/run_Fapgmt6JWbcD/3_invention_loop/iter_2/gen_art/gen_art_experiment_7/analysis.py:287: RuntimeWarning: Mean of empty slice
  res["Gap"] = float(np.nanmean([a["Gap"], b["Gap"]]))
/ai-inventor/aii_data/runs/run_Fapgmt6JWbcD/3_invention_loop/iter_2/gen_art/gen_art_experiment_7/analysis.py:287: RuntimeWarning: Mean of empty slice
  res["Gap"] = float(np.nanmean([a["Gap"], b["Gap"]]))
/ai-inventor/aii_data/runs/run_Fapgmt6JWbcD/3_invention_loop/iter_2/gen_art/gen_art_experiment_7/analysis.py:287: RuntimeWarning: Mean of empty slice
  res["Gap"] = float(np.nanmean([a["Gap"], b["Gap"]]))
/ai-inventor/aii_data/runs/run_Fapgmt6JWbcD/3_invention_loop/iter_2/gen_art/gen_art_experiment_7/analysis.py:287: RuntimeWarning: Mean of empty slice
  res["Gap"] = float(np.nanmean([a["Gap"], b["Gap"]]))
/ai-inventor/aii_data/runs/run_Fapgmt6JWbcD/3_invention_loop/iter_2/gen_art/gen_art_experiment_7/analysis.py:287: RuntimeWarning: Mean of empty slice
  res["Gap"] = float(np.nanmean([a["Gap"], b["Gap"]]))
/ai-inventor/aii_data/runs/run_Fapgmt6JWbcD/3_invention_loop/iter_2/gen_art/gen_art_experiment_7/analysis.py:287: RuntimeWarning: Mean of empty slice
  res["Gap"] = float(np.nanmean([a["Gap"], b["Gap"]]))
/ai-inventor/aii_data/runs/run_Fapgmt6JWbcD/3_invention_loop/iter_2/gen_art/gen_art_experiment_7/analysis.py:287: RuntimeWarning: Mean of empty slice
  res["Gap"] = float(np.nanmean([a["Gap"], b["Gap"]]))
/ai-inventor/aii_data/runs/run_Fapgmt6JWbcD/3_invention_loop/iter_2/gen_art/gen_art_experiment_7/analysis.py:287: RuntimeWarning: Mean of empty slice
  res["Gap"] = float(np.nanmean([a["Gap"], b["Gap"]]))
/ai-inventor/aii_data/runs/run_Fapgmt6JWbcD/3_invention_loop/iter_2/gen_art/gen_art_experiment_7/analysis.py:287: RuntimeWarning: Mean of empty slice
  res["Gap"] = float(np.nanmean([a["Gap"], b["Gap"]]))
/ai-inventor/aii_data/runs/run_Fapgmt6JWbcD/3_invention_loop/iter_2/gen_art/gen_art_experiment_7/analysis.py:287: RuntimeWarning: Mean of empty slice
  res["Gap"] = float(np.nanmean([a["Gap"], b["Gap"]]))
/ai-inventor/aii_data/runs/run_Fapgmt6JWbcD/3_invention_loop/iter_2/gen_art/gen_art_experiment_7/analysis.py:287: RuntimeWarning: Mean of empty slice
  res["Gap"] = float(np.nanmean([a["Gap"], b["Gap"]]))
/ai-inventor/aii_data/runs/run_Fapgmt6JWbcD/3_invention_loop/iter_2/gen_art/gen_art_experiment_7/analysis.py:287: RuntimeWarning: Mean of empty slice
  res["Gap"] = float(np.nanmean([a["Gap"], b["Gap"]]))
/ai-inventor/aii_data/runs/run_Fapgmt6JWbcD/3_invention_loop/iter_2/gen_art/gen_art_experiment_7/analysis.py:287: RuntimeWarning: Mean of empty slice
  res["Gap"] = float(np.nanmean([a["Gap"], b["Gap"]]))
/ai-inventor/aii_data/runs/run_Fapgmt6JWbcD/3_invention_loop/iter_2/gen_art/gen_art_experiment_7/analysis.py:287: RuntimeWarning: Mean of empty slice
  res["Gap"] = float(np.nanmean([a["Gap"], b["Gap"]]))
/ai-inventor/aii_data/runs/run_Fapgmt6JWbcD/3_invention_loop/iter_2/gen_art/gen_art_experiment_7/analysis.py:287: RuntimeWarning: Mean of empty slice
  res["Gap"] = float(np.nanmean([a["Gap"], b["Gap"]]))
/ai-inventor/aii_data/runs/run_Fapgmt6JWbcD/3_invention_loop/iter_2/gen_art/gen_art_experiment_7/analysis.py:287: RuntimeWarning: Mean of empty slice
  res["Gap"] = float(np.nanmean([a["Gap"], b["Gap"]]))
/ai-inventor/aii_data/runs/run_Fapgmt6JWbcD/3_invention_loop/iter_2/gen_art/gen_art_experiment_7/analysis.py:287: RuntimeWarning: Mean of empty slice
  res["Gap"] = float(np.nanmean([a["Gap"], b["Gap"]]))
/ai-inventor/aii_data/runs/run_Fapgmt6JWbcD/3_invention_loop/iter_2/gen_art/gen_art_experiment_7/analysis.py:287: RuntimeWarning: Mean of empty slice
  res["Gap"] = float(np.nanmean([a["Gap"], b["Gap"]]))
/ai-inventor/aii_data/runs/run_Fapgmt6JWbcD/3_invention_loop/iter_2/gen_art/gen_art_experiment_7/analysis.py:287: RuntimeWarning: Mean of empty slice
  res["Gap"] = float(np.nanmean([a["Gap"], b["Gap"]]))
/ai-inventor/aii_data/runs/run_Fapgmt6JWbcD/3_invention_loop/iter_2/gen_art/gen_art_experiment_7/analysis.py:287: RuntimeWarning: Mean of empty slice
  res["Gap"] = float(np.nanmean([a["Gap"], b["Gap"]]))
/ai-inventor/aii_data/runs/run_Fapgmt6JWbcD/3_invention_loop/iter_2/gen_art/gen_art_experiment_7/analysis.py:287: RuntimeWarning: Mean of empty slice
  res["Gap"] = float(np.nanmean([a["Gap"], b["Gap"]]))
/ai-inventor/aii_data/runs/run_Fapgmt6JWbcD/3_invention_loop/iter_2/gen_art/gen_art_experiment_7/analysis.py:697: ConvergenceWarning: The MLE may be on the boundary of the parameter space.
  fr = md.fit(method="lbfgs", maxiter=300)
06:28:23|INFO   |carrier R1: dR2(P|base)=+0.004 CI [-0.08526538926983088, 0.05615522251018056] dR2(b1|P)=+0.003
06:28:36|INFO   |carrier Rb: dR2(P|base)=+0.027 CI [-0.08532559282093874, 0.13320433832174747] dR2(b1|P)=+0.046
06:28:49|INFO   |carrier K: dR2(P|base)=-0.001 CI [-0.057866161979680794, 0.04631782753649597] dR2(b1|P)=-0.000
06:29:02|INFO   |carrier N: dR2(P|base)=-0.003 CI [-0.1289163428979834, 0.09412268996653957] dR2(b1|P)=-0.001
06:29:15|INFO   |carrier M: dR2(P|base)=-0.006 CI [-0.0717971275668702, 0.04567872709766439] dR2(b1|P)=-0.029
06:29:26|INFO   |analysis done in 3855s; verdicts: {"P-a": "NOT CONFIRMED", "P-b": "UNTESTABLE (exploratory estimate reported)", "P-c": "NOT CONFIRMED", "P-d": "NOT CONFIRMED"}
